Component: ARM Compiler 5.06 update 3 (build 300) Tool: armlink [4d35c9]

==============================================================================

Section Cross References

    bt_control.o(i.BT_Power_Control) refers to gpio.o(i.GPIO_SetMode) for GPIO_SetMode
    bt_control.o(i.BT_Power_Control) refers to bt_control.o(.data) for BtConStatus
    bt_control.o(i.BT_Work_Detect) refers to bt_control.o(i.BT_Power_Control) for BT_Power_Control
    bt_control.o(i.BT_Work_Detect) refers to bt_control.o(.data) for PIO11_LowTime
    config.o(i.ADC_Init) refers to adc.o(i.ADC_Open) for ADC_Open
    config.o(i.CLK_Init) refers to config.o(i.SYS_UnlockReg) for SYS_UnlockReg
    config.o(i.CLK_Init) refers to clk.o(i.CLK_EnableXtalRC) for CLK_EnableXtalRC
    config.o(i.CLK_Init) refers to clk.o(i.CLK_WaitClockReady) for CLK_WaitClockReady
    config.o(i.CLK_Init) refers to clk.o(i.CLK_SetHCLK) for CLK_SetHCLK
    config.o(i.CLK_Init) refers to clk.o(i.CLK_SetCoreClock) for CLK_SetCoreClock
    config.o(i.CLK_Init) refers to clk.o(i.CLK_EnableModuleClock) for CLK_EnableModuleClock
    config.o(i.CLK_Init) refers to clk.o(i.CLK_SetModuleClock) for CLK_SetModuleClock
    config.o(i.CLK_Init) refers to system_mini58series.o(i.SystemCoreClockUpdate) for SystemCoreClockUpdate
    config.o(i.CLK_Init) refers to config.o(.data) for HseStatus
    config.o(i.GPIO_Init) refers to gpio.o(i.GPIO_SetMode) for GPIO_SetMode
    config.o(i.MCU_Config) refers to config.o(i.CLK_Init) for CLK_Init
    config.o(i.MCU_Config) refers to config.o(i.GPIO_Init) for GPIO_Init
    config.o(i.MCU_Config) refers to config.o(i.TIM_Init) for TIM_Init
    config.o(i.MCU_Config) refers to config.o(i.USART_Init) for USART_Init
    config.o(i.MCU_Config) refers to config.o(i.ADC_Init) for ADC_Init
    config.o(i.TIM_Init) refers to timer.o(i.TIMER_Open) for TIMER_Open
    config.o(i.TIM_Init) refers to config.o(i.__NVIC_EnableIRQ) for __NVIC_EnableIRQ
    config.o(i.USART_Init) refers to uart.o(i.UART_SetTimeoutCnt) for UART_SetTimeoutCnt
    config.o(i.USART_Init) refers to config.o(i.__NVIC_EnableIRQ) for __NVIC_EnableIRQ
    config.o(i.USART_Init) refers to uart.o(i.UART_Open) for UART_Open
    config.o(i.WDT_Init) refers to config.o(i.SYS_UnlockReg) for SYS_UnlockReg
    data_process.o(i.CSR1010_Process) refers to data_process.o(.data) for BtInitFlag
    data_process.o(i.CSR1010_Process) refers to usart.o(.bss) for BtSndData
    data_process.o(i.CSR1010_Process) refers to usart.o(.data) for BtRcvFlag
    data_process.o(i.CSR1010_Process) refers to bt_control.o(.data) for BtRcvDataFlag
    data_process.o(i.Data_Process) refers to data_process.o(i.Key_Process) for Key_Process
    data_process.o(i.Data_Process) refers to data_process.o(i.CSR1010_Process) for CSR1010_Process
    data_process.o(i.Data_Process) refers to data_process.o(i.Wifi_Process) for Wifi_Process
    data_process.o(i.Data_Process) refers to data_process.o(i.Music_Process) for Music_Process
    data_process.o(i.Data_Process) refers to data_process.o(.data) for RndSeed
    data_process.o(i.Data_Process) refers to music.o(.data) for RestorCnt
    data_process.o(i.Data_Process) refers to usart.o(.bss) for BtSndData
    data_process.o(i.Key_Process) refers to key_scan.o(.data) for KeyStatus
    data_process.o(i.Music_Process) refers to music.o(.data) for MusicSndFlag
    data_process.o(i.Music_Process) refers to usart.o(.bss) for BtSndData
    data_process.o(i.Music_Process) refers to data_process.o(.data) for FlagByte
    data_process.o(i.User_Data_Init) refers to flash_prgm.o(i.Flash_Read_Data) for Flash_Read_Data
    data_process.o(i.User_Data_Init) refers to data_process.o(.data) for NormalMode
    data_process.o(i.User_Data_Init) refers to flash_prgm.o(.data) for FlashSaveFlag
    data_process.o(i.Wifi_Process) refers to rand.o(.text) for srand
    data_process.o(i.Wifi_Process) refers to idiv.o(.text) for __aeabi_idivmod
    data_process.o(i.Wifi_Process) refers to usart.o(.data) for WifiRcvFlag
    data_process.o(i.Wifi_Process) refers to usart.o(.bss) for WifiRcvData
    data_process.o(i.Wifi_Process) refers to led.o(.data) for LedMode
    data_process.o(i.Wifi_Process) refers to data_process.o(.data) for ErrNum
    data_process.o(i.Wifi_Process) refers to flash_prgm.o(.data) for FlashSaveFlag
    data_process.o(i.Wifi_Process) refers to music.o(.data) for MusicEnFlag
    flash_prgm.o(i.Byte_Write_To_APROM) refers to flash_prgm.o(i.SYS_UnlockReg) for SYS_UnlockReg
    flash_prgm.o(i.Byte_Write_To_APROM) refers to fmc.o(i.FMC_Open) for FMC_Open
    flash_prgm.o(i.Byte_Write_To_APROM) refers to fmc.o(i.FMC_Erase) for FMC_Erase
    flash_prgm.o(i.Byte_Write_To_APROM) refers to fmc.o(i.FMC_Write) for FMC_Write
    flash_prgm.o(i.Byte_Write_To_APROM) refers to flash_prgm.o(.data) for FlashSaveFlag
    flash_prgm.o(i.Byte_Write_To_APROM) refers to data_process.o(.data) for NormalMode
    flash_prgm.o(i.Flash_Read_Data) refers to flash_prgm.o(i.SYS_UnlockReg) for SYS_UnlockReg
[...]
    printfb.o(i.__0printf$bare) refers to printfb.o(i._printf_core) for _printf_core
    printfb.o(i.__0printf$bare) refers to retarget.o(i.fputc) for fputc
    printfb.o(i.__0printf$bare) refers to retarget.o(.data) for __stdout
    printfb.o(i.__0snprintf$bare) refers to printfb.o(i._printf_core) for _printf_core
    printfb.o(i.__0snprintf$bare) refers to printfb.o(i._snputc) for _snputc
    printfb.o(i.__0sprintf$bare) refers to printfb.o(i._printf_core) for _printf_core
    printfb.o(i.__0sprintf$bare) refers to printfb.o(i._sputc) for _sputc
    printfb.o(i.__0vfprintf$bare) refers to printfb.o(i._printf_core) for _printf_core
    printfb.o(i.__0vfprintf$bare) refers to retarget.o(i.fputc) for fputc
    printfb.o(i.__0vprintf$bare) refers to printfb.o(i._printf_core) for _printf_core
    printfb.o(i.__0vprintf$bare) refers to retarget.o(i.fputc) for fputc
    printfb.o(i.__0vprintf$bare) refers to retarget.o(.data) for __stdout
    printfb.o(i.__0vsnprintf$bare) refers to printfb.o(i._printf_core) for _printf_core
    printfb.o(i.__0vsnprintf$bare) refers to printfb.o(i._snputc) for _snputc
    printfb.o(i.__0vsprintf$bare) refers to printfb.o(i._printf_core) for _printf_core
    printfb.o(i.__0vsprintf$bare) refers to printfb.o(i._sputc) for _sputc
    printf0.o(i.__0fprintf$0) refers to printf0.o(i._printf_core) for _printf_core
    printf0.o(i.__0fprintf$0) refers to retarget.o(i.fputc) for fputc
    printf0.o(i.__0printf$0) refers to printf0.o(i._printf_core) for _printf_core
    printf0.o(i.__0printf$0) refers to retarget.o(i.fputc) for fputc
    printf0.o(i.__0printf$0) refers to retarget.o(.data) for __stdout
    printf0.o(i.__0snprintf$0) refers to printf0.o(i._printf_core) for _printf_core
    printf0.o(i.__0snprintf$0) refers to printf0.o(i._snputc) for _snputc
    printf0.o(i.__0sprintf$0) refers to printf0.o(i._printf_core) for _printf_core
    printf0.o(i.__0sprintf$0) refers to printf0.o(i._sputc) for _sputc
    printf0.o(i.__0vfprintf$0) refers to printf0.o(i._printf_core) for _printf_core
    printf0.o(i.__0vfprintf$0) refers to retarget.o(i.fputc) for fputc
    printf0.o(i.__0vprintf$0) refers to printf0.o(i._printf_core) for _printf_core
    printf0.o(i.__0vprintf$0) refers to retarget.o(i.fputc) for fputc
    printf0.o(i.__0vprintf$0) refers to retarget.o(.data) for __stdout
    printf0.o(i.__0vsnprintf$0) refers to printf0.o(i._printf_core) for _printf_core
    printf0.o(i.__0vsnprintf$0) refers to printf0.o(i._snputc) for _snputc
    printf0.o(i.__0vsprintf$0) refers to printf0.o(i._printf_core) for _printf_core
    printf0.o(i.__0vsprintf$0) refers to printf0.o(i._sputc) for _sputc
    printf1.o(i.__0fprintf$1) refers to printf1.o(i._printf_core) for _printf_core
    printf1.o(i.__0fprintf$1) refers to retarget.o(i.fputc) for fputc
    printf1.o(i.__0printf$1) refers to printf1.o(i._printf_core) for _printf_core
    printf1.o(i.__0printf$1) refers to retarget.o(i.fputc) for fputc
    printf1.o(i.__0printf$1) refers to retarget.o(.data) for __stdout
    printf1.o(i.__0snprintf$1) refers to printf1.o(i._printf_core) for _printf_core
    printf1.o(i.__0snprintf$1) refers to printf1.o(i._snputc) for _snputc
    printf1.o(i.__0sprintf$1) refers to printf1.o(i._printf_core) for _printf_core
    printf1.o(i.__0sprintf$1) refers to printf1.o(i._sputc) for _sputc
    printf1.o(i.__0vfprintf$1) refers to printf1.o(i._printf_core) for _printf_core
    printf1.o(i.__0vfprintf$1) refers to retarget.o(i.fputc) for fputc
    printf1.o(i.__0vprintf$1) refers to printf1.o(i._printf_core) for _printf_core
    printf1.o(i.__0vprintf$1) refers to retarget.o(i.fputc) for fputc
    printf1.o(i.__0vprintf$1) refers to retarget.o(.data) for __stdout
    printf1.o(i.__0vsnprintf$1) refers to printf1.o(i._printf_core) for _printf_core
    printf1.o(i.__0vsnprintf$1) refers to printf1.o(i._snputc) for _snputc
    printf1.o(i.__0vsprintf$1) refers to printf1.o(i._printf_core) for _printf_core
    printf1.o(i.__0vsprintf$1) refers to printf1.o(i._sputc) for _sputc
    printf1.o(i._printf_core) refers to uidiv.o(.text) for __aeabi_uidivmod
    printf2.o(i.__0fprintf$2) refers to printf2.o(i._printf_core) for _printf_core
    printf2.o(i.__0fprintf$2) refers to retarget.o(i.fputc) for fputc
    printf2.o(i.__0printf$2) refers to printf2.o(i._printf_core) for _printf_core
    printf2.o(i.__0printf$2) refers to retarget.o(i.fputc) for fputc
    printf2.o(i.__0printf$2) refers to retarget.o(.data) for __stdout
    printf2.o(i.__0snprintf$2) refers to printf2.o(i._printf_core) for _printf_core
    printf2.o(i.__0snprintf$2) refers to printf2.o(i._snputc) for _snputc
    printf2.o(i.__0sprintf$2) refers to printf2.o(i._printf_core) for _printf_core
    printf2.o(i.__0sprintf$2) refers to printf2.o(i._sputc) for _sputc
    printf2.o(i.__0vfprintf$2) refers to printf2.o(i._printf_core) for _printf_core
    printf2.o(i.__0vfprintf$2) refers to retarget.o(i.fputc) for fputc
    printf2.o(i.__0vprintf$2) refers to printf2.o(i._printf_core) for _printf_core
    printf2.o(i.__0vprintf$2) refers to retarget.o(i.fputc) for fputc
    printf2.o(i.__0vprintf$2) refers to retarget.o(.data) for __stdout
    printf2.o(i.__0vsnprintf$2) refers to printf2.o(i._printf_core) for _printf_core
    printf2.o(i.__0vsnprintf$2) refers to printf2.o(i._snputc) for _snputc
    printf2.o(i.__0vsprintf$2) refers to printf2.o(i._printf_core) for _printf_core
    printf2.o(i.__0vsprintf$2) refers to printf2.o(i._sputc) for _sputc
    printf3.o(i.__0fprintf$3) refers to printf3.o(i._printf_core) for _printf_core
    printf3.o(i.__0fprintf$3) refers to retarget.o(i.fputc) for fputc
    printf3.o(i.__0printf$3) refers to printf3.o(i._printf_core) for _printf_core
    printf3.o(i.__0printf$3) refers to retarget.o(i.fputc) for fputc
    printf3.o(i.__0printf$3) refers to retarget.o(.data) for __stdout
    printf3.o(i.__0snprintf$3) refers to printf3.o(i._printf_core) for _printf_core
    printf3.o(i.__0snprintf$3) refers to printf3.o(i._snputc) for _snputc
    printf3.o(i.__0sprintf$3) refers to printf3.o(i._printf_core) for _printf_core
    printf3.o(i.__0sprintf$3) refers to printf3.o(i._sputc) for _sputc
    printf3.o(i.__0vfprintf$3) refers to printf3.o(i._printf_core) for _printf_core
    printf3.o(i.__0vfprintf$3) refers to retarget.o(i.fputc) for fputc
    printf3.o(i.__0vprintf$3) refers to printf3.o(i._printf_core) for _printf_core
    printf3.o(i.__0vprintf$3) refers to retarget.o(i.fputc) for fputc
    printf3.o(i.__0vprintf$3) refers to retarget.o(.data) for __stdout
    printf3.o(i.__0vsnprintf$3) refers to printf3.o(i._printf_core) for _printf_core
    printf3.o(i.__0vsnprintf$3) refers to printf3.o(i._snputc) for _snputc
    printf3.o(i.__0vsprintf$3) refers to printf3.o(i._printf_core) for _printf_core
    printf3.o(i.__0vsprintf$3) refers to printf3.o(i._sputc) for _sputc
    printf3.o(i._printf_core) refers to uidiv.o(.text) for __aeabi_uidivmod
    printf4.o(i.__0fprintf$4) refers to printf4.o(i._printf_core) for _printf_core
    printf4.o(i.__0fprintf$4) refers to retarget.o(i.fputc) for fputc
    printf4.o(i.__0printf$4) refers to printf4.o(i._printf_core) for _printf_core
    printf4.o(i.__0printf$4) refers to retarget.o(i.fputc) for fputc
    printf4.o(i.__0printf$4) refers to retarget.o(.data) for __stdout
    printf4.o(i.__0snprintf$4) refers to printf4.o(i._printf_core) for _printf_core
    printf4.o(i.__0snprintf$4) refers to printf4.o(i._snputc) for _snputc
    printf4.o(i.__0sprintf$4) refers to printf4.o(i._printf_core) for _printf_core
    printf4.o(i.__0sprintf$4) refers to printf4.o(i._sputc) for _sputc
    printf4.o(i.__0vfprintf$4) refers to printf4.o(i._printf_core) for _printf_core
    printf4.o(i.__0vfprintf$4) refers to retarget.o(i.fputc) for fputc
    printf4.o(i.__0vprintf$4) refers to printf4.o(i._printf_core) for _printf_core
    printf4.o(i.__0vprintf$4) refers to retarget.o(i.fputc) for fputc
    printf4.o(i.__0vprintf$4) refers to retarget.o(.data) for __stdout
    printf4.o(i.__0vsnprintf$4) refers to printf4.o(i._printf_core) for _printf_core
    printf4.o(i.__0vsnprintf$4) refers to printf4.o(i._snputc) for _snputc
    printf4.o(i.__0vsprintf$4) refers to printf4.o(i._printf_core) for _printf_core
    printf4.o(i.__0vsprintf$4) refers to printf4.o(i._sputc) for _sputc
    printf4.o(i._printf_core) refers to uldiv.o(.text) for __aeabi_uldivmod
    printf5.o(i.__0fprintf$5) refers to printf5.o(i._printf_core) for _printf_core
    printf5.o(i.__0fprintf$5) refers to retarget.o(i.fputc) for fputc
    printf5.o(i.__0printf$5) refers to printf5.o(i._printf_core) for _printf_core
    printf5.o(i.__0printf$5) refers to retarget.o(i.fputc) for fputc
    printf5.o(i.__0printf$5) refers to retarget.o(.data) for __stdout
    printf5.o(i.__0snprintf$5) refers to printf5.o(i._printf_core) for _printf_core
    printf5.o(i.__0snprintf$5) refers to printf5.o(i._snputc) for _snputc
    printf5.o(i.__0sprintf$5) refers to printf5.o(i._printf_core) for _printf_core
    printf5.o(i.__0sprintf$5) refers to printf5.o(i._sputc) for _sputc
    printf5.o(i.__0vfprintf$5) refers to printf5.o(i._printf_core) for _printf_core
    printf5.o(i.__0vfprintf$5) refers to retarget.o(i.fputc) for fputc
    printf5.o(i.__0vprintf$5) refers to printf5.o(i._printf_core) for _printf_core
    printf5.o(i.__0vprintf$5) refers to retarget.o(i.fputc) for fputc
    printf5.o(i.__0vprintf$5) refers to retarget.o(.data) for __stdout
    printf5.o(i.__0vsnprintf$5) refers to printf5.o(i._printf_core) for _printf_core
    printf5.o(i.__0vsnprintf$5) refers to printf5.o(i._snputc) for _snputc
    printf5.o(i.__0vsprintf$5) refers to printf5.o(i._printf_core) for _printf_core
    printf5.o(i.__0vsprintf$5) refers to printf5.o(i._sputc) for _sputc
    printf5.o(i._printf_core) refers to uldiv.o(.text) for __aeabi_uldivmod
    printf6.o(i.__0fprintf$6) refers to printf6.o(i._printf_core) for _printf_core
    printf6.o(i.__0fprintf$6) refers to retarget.o(i.fputc) for fputc
    printf6.o(i.__0printf$6) refers to printf6.o(i._printf_core) for _printf_core
    printf6.o(i.__0printf$6) refers to retarget.o(i.fputc) for fputc
    printf6.o(i.__0printf$6) refers to retarget.o(.data) for __stdout
    printf6.o(i.__0snprintf$6) refers to printf6.o(i._printf_core) for _printf_core
    printf6.o(i.__0snprintf$6) refers to printf6.o(i._snputc) for _snputc
    printf6.o(i.__0sprintf$6) refers to printf6.o(i._printf_core) for _printf_core
    printf6.o(i.__0sprintf$6) refers to printf6.o(i._sputc) for _sputc
    printf6.o(i.__0vfprintf$6) refers to printf6.o(i._printf_core) for _printf_core
    printf6.o(i.__0vfprintf$6) refers to retarget.o(i.fputc) for fputc
    printf6.o(i.__0vprintf$6) refers to printf6.o(i._printf_core) for _printf_core
    printf6.o(i.__0vprintf$6) refers to retarget.o(i.fputc) for fputc
    printf6.o(i.__0vprintf$6) refers to retarget.o(.data) for __stdout
    printf6.o(i.__0vsnprintf$6) refers to printf6.o(i._printf_core) for _printf_core
    printf6.o(i.__0vsnprintf$6) refers to printf6.o(i._snputc) for _snputc
    printf6.o(i.__0vsprintf$6) refers to printf6.o(i._printf_core) for _printf_core
    printf6.o(i.__0vsprintf$6) refers to printf6.o(i._sputc) for _sputc
    printf6.o(i._printf_core) refers to printf6.o(i._printf_pre_padding) for _printf_pre_padding
    printf6.o(i._printf_core) refers to printf6.o(i._printf_post_padding) for _printf_post_padding
    printf6.o(i._printf_core) refers to uidiv.o(.text) for __aeabi_uidivmod
    printf7.o(i.__0fprintf$7) refers to printf7.o(i._printf_core) for _printf_core
    printf7.o(i.__0fprintf$7) refers to retarget.o(i.fputc) for fputc
    printf7.o(i.__0printf$7) refers to printf7.o(i._printf_core) for _printf_core
    printf7.o(i.__0printf$7) refers to retarget.o(i.fputc) for fputc
    printf7.o(i.__0printf$7) refers to retarget.o(.data) for __stdout
    printf7.o(i.__0snprintf$7) refers to printf7.o(i._printf_core) for _printf_core
    printf7.o(i.__0snprintf$7) refers to printf7.o(i._snputc) for _snputc
    printf7.o(i.__0sprintf$7) refers to printf7.o(i._printf_core) for _printf_core
    printf7.o(i.__0sprintf$7) refers to printf7.o(i._sputc) for _sputc
    printf7.o(i.__0vfprintf$7) refers to printf7.o(i._printf_core) for _printf_core
    printf7.o(i.__0vfprintf$7) refers to retarget.o(i.fputc) for fputc
    printf7.o(i.__0vprintf$7) refers to printf7.o(i._printf_core) for _printf_core
    printf7.o(i.__0vprintf$7) refers to retarget.o(i.fputc) for fputc
    printf7.o(i.__0vprintf$7) refers to retarget.o(.data) for __stdout
    printf7.o(i.__0vsnprintf$7) refers to printf7.o(i._printf_core) for _printf_core
    printf7.o(i.__0vsnprintf$7) refers to printf7.o(i._snputc) for _snputc
    printf7.o(i.__0vsprintf$7) refers to printf7.o(i._printf_core) for _printf_core
    printf7.o(i.__0vsprintf$7) refers to printf7.o(i._sputc) for _sputc
    printf7.o(i._printf_core) refers to printf7.o(i._printf_pre_padding) for _printf_pre_padding
    printf7.o(i._printf_core) refers to printf7.o(i._printf_post_padding) for _printf_post_padding
    printf7.o(i._printf_core) refers to uldiv.o(.text) for __aeabi_uldivmod
    printf8.o(i.__0fprintf$8) refers to printf8.o(i._printf_core) for _printf_core
    printf8.o(i.__0fprintf$8) refers to retarget.o(i.fputc) for fputc
    printf8.o(i.__0printf$8) refers to printf8.o(i._printf_core) for _printf_core
    printf8.o(i.__0printf$8) refers to retarget.o(i.fputc) for fputc
    printf8.o(i.__0printf$8) refers to retarget.o(.data) for __stdout
    printf8.o(i.__0snprintf$8) refers to printf8.o(i._printf_core) for _printf_core
    printf8.o(i.__0snprintf$8) refers to printf8.o(i._snputc) for _snputc
    printf8.o(i.__0sprintf$8) refers to printf8.o(i._printf_core) for _printf_core
    printf8.o(i.__0sprintf$8) refers to printf8.o(i._sputc) for _sputc
    printf8.o(i.__0vfprintf$8) refers to printf8.o(i._printf_core) for _printf_core
    printf8.o(i.__0vfprintf$8) refers to retarget.o(i.fputc) for fputc
    printf8.o(i.__0vprintf$8) refers to printf8.o(i._printf_core) for _printf_core
    printf8.o(i.__0vprintf$8) refers to retarget.o(i.fputc) for fputc
    printf8.o(i.__0vprintf$8) refers to retarget.o(.data) for __stdout
    printf8.o(i.__0vsnprintf$8) refers to printf8.o(i._printf_core) for _printf_core
    printf8.o(i.__0vsnprintf$8) refers to printf8.o(i._snputc) for _snputc
    printf8.o(i.__0vsprintf$8) refers to printf8.o(i._printf_core) for _printf_core
    printf8.o(i.__0vsprintf$8) refers to printf8.o(i._sputc) for _sputc
    printf8.o(i._printf_core) refers to printf8.o(i._printf_pre_padding) for _printf_pre_padding
    printf8.o(i._printf_core) refers to printf8.o(i._printf_post_padding) for _printf_post_padding
    printf8.o(i._printf_core) refers to uldiv.o(.text) for __aeabi_uldivmod
    printfa.o(i.__0fprintf) refers (Special) to iusefp.o(.text) for __I$use$fp
    printfa.o(i.__0fprintf) refers to printfa.o(i._printf_core) for _printf_core
    printfa.o(i.__0fprintf) refers to retarget.o(i.fputc) for fputc
    printfa.o(i.__0printf) refers (Special) to iusefp.o(.text) for __I$use$fp
    printfa.o(i.__0printf) refers to printfa.o(i._printf_core) for _printf_core
    printfa.o(i.__0printf) refers to retarget.o(i.fputc) for fputc
    printfa.o(i.__0printf) refers to retarget.o(.data) for __stdout
    printfa.o(i.__0snprintf) refers (Special) to iusefp.o(.text) for __I$use$fp
    printfa.o(i.__0snprintf) refers to printfa.o(i._printf_core) for _printf_core
    printfa.o(i.__0snprintf) refers to printfa.o(i._snputc) for _snputc
    printfa.o(i.__0sprintf) refers (Special) to iusefp.o(.text) for __I$use$fp
    printfa.o(i.__0sprintf) refers to printfa.o(i._printf_core) for _printf_core
    printfa.o(i.__0sprintf) refers to printfa.o(i._sputc) for _sputc
    printfa.o(i.__0vfprintf) refers (Special) to iusefp.o(.text) for __I$use$fp
    printfa.o(i.__0vfprintf) refers to printfa.o(i._printf_core) for _printf_core
    printfa.o(i.__0vfprintf) refers to retarget.o(i.fputc) for fputc
    printfa.o(i.__0vprintf) refers (Special) to iusefp.o(.text) for __I$use$fp
    printfa.o(i.__0vprintf) refers to printfa.o(i._printf_core) for _printf_core
    printfa.o(i.__0vprintf) refers to retarget.o(i.fputc) for fputc
    printfa.o(i.__0vprintf) refers to retarget.o(.data) for __stdout
    printfa.o(i.__0vsnprintf) refers (Special) to iusefp.o(.text) for __I$use$fp
    printfa.o(i.__0vsnprintf) refers to printfa.o(i._printf_core) for _printf_core
    printfa.o(i.__0vsnprintf) refers to printfa.o(i._snputc) for _snputc
    printfa.o(i.__0vsprintf) refers (Special) to iusefp.o(.text) for __I$use$fp
    printfa.o(i.__0vsprintf) refers to printfa.o(i._printf_core) for _printf_core
    printfa.o(i.__0vsprintf) refers to printfa.o(i._sputc) for _sputc
    printfa.o(i._fp_digits) refers (Special) to iusefp.o(.text) for __I$use$fp
    printfa.o(i._fp_digits) refers to dmul.o(.text) for __aeabi_dmul
    printfa.o(i._fp_digits) refers to ddiv.o(.text) for __aeabi_ddiv
    printfa.o(i._fp_digits) refers to cdrcmple.o(.text) for __aeabi_cdrcmple
    printfa.o(i._fp_digits) refers to dadd.o(.text) for __aeabi_dadd
    printfa.o(i._fp_digits) refers to dfixul.o(.text) for __aeabi_d2ulz
    printfa.o(i._fp_digits) refers to uldiv.o(.text) for __aeabi_uldivmod
    printfa.o(i._printf_core) refers (Special) to iusefp.o(.text) for __I$use$fp
    printfa.o(i._printf_core) refers to printfa.o(i._printf_pre_padding) for _printf_pre_padding
    printfa.o(i._printf_core) refers to uldiv.o(.text) for __aeabi_uldivmod
    printfa.o(i._printf_core) refers to printfa.o(i._printf_post_padding) for _printf_post_padding
    printfa.o(i._printf_core) refers to printfa.o(i._fp_digits) for _fp_digits
    printfa.o(i._printf_core) refers to uidiv.o(.text) for __aeabi_uidivmod
    printfa.o(i._printf_post_padding) refers (Special) to iusefp.o(.text) for __I$use$fp
    printfa.o(i._printf_pre_padding) refers (Special) to iusefp.o(.text) for __I$use$fp
    printfa.o(i._snputc) refers (Special) to iusefp.o(.text) for __I$use$fp
    printfa.o(i._sputc) refers (Special) to iusefp.o(.text) for __I$use$fp
    fadd.o(.text) refers (Special) to iusefp.o(.text) for __I$use$fp
    fadd.o(.text) refers to fepilogue.o(.text) for _float_epilogue
    fmul.o(.text) refers (Special) to iusefp.o(.text) for __I$use$fp
    ddiv.o(.text) refers (Special) to iusefp.o(.text) for __I$use$fp
    ddiv.o(.text) refers to depilogue.o(.text) for _double_round
    ffltui.o(.text) refers (Special) to iusefp.o(.text) for __I$use$fp
    ffltui.o(.text) refers to fepilogue.o(.text) for _float_epilogue
    ffixui.o(.text) refers (Special) to iusefp.o(.text) for __I$use$fp
    dfixui.o(.text) refers (Special) to iusefp.o(.text) for __I$use$fp
    dfixui.o(.text) refers to llushr.o(.text) for __aeabi_llsr
    f2d.o(.text) refers (Special) to iusefp.o(.text) for __I$use$fp
    d2f.o(.text) refers (Special) to iusefp.o(.text) for __I$use$fp
    d2f.o(.text) refers to fepilogue.o(.text) for _float_round
    entry2.o(.ARM.Collect$$$$00000001) refers to entry2.o(.ARM.Collect$$$$00002712) for __lit__00000000
    entry2.o(.ARM.Collect$$$$00002712) refers to startup_mini58series.o(STACK) for __initial_sp
    entry2.o(__vectab_stack_and_reset_area) refers to startup_mini58series.o(STACK) for __initial_sp
    entry2.o(__vectab_stack_and_reset_area) refers to entry.o(.ARM.Collect$$$$00000000) for __main
    entry5.o(.ARM.Collect$$$$00000004) refers to init.o(.text) for __scatterload
    entry9a.o(.ARM.Collect$$$$0000000B) refers to wifibt.o(i.main) for main
    entry9b.o(.ARM.Collect$$$$0000000C) refers to wifibt.o(i.main) for main
    uldiv.o(.text) refers to llushr.o(.text) for __aeabi_llsr
    uldiv.o(.text) refers to llshl.o(.text) for __aeabi_llsl
    errno.o(i.__aeabi_errno_addr) refers to errno.o(.data) for .data
    errno.o(i.__read_errno) refers to errno.o(.data) for .data
    errno.o(i.__set_errno) refers to errno.o(.data) for .data
    depilogue.o(.text) refers to depilogue.o(i.__ARM_clz) for __ARM_clz
    depilogue.o(.text) refers to llshl.o(.text) for __aeabi_llsl
    depilogue.o(.text) refers to llushr.o(.text) for __aeabi_llsr
    dadd.o(.text) refers to llshl.o(.text) for __aeabi_llsl
    dadd.o(.text) refers to llsshr.o(.text) for __aeabi_lasr
    dadd.o(.text) refers to depilogue.o(.text) for _double_epilogue
    dmul.o(.text) refers to depilogue.o(.text) for _double_epilogue
    dsqrt.o(.text) refers to llushr.o(.text) for __aeabi_llsr
    dsqrt.o(.text) refers to depilogue.o(.text) for _double_round
    dfixul.o(.text) refers to llushr.o(.text) for __aeabi_llsr
    dfixul.o(.text) refers to llshl.o(.text) for __aeabi_llsl
    init.o(.text) refers to entry5.o(.ARM.Collect$$$$00000004) for __main_after_scatterload


==============================================================================

Removing Unused input sections from the image.

    Removing bt_control.o(.rev16_text), (4 bytes).
    Removing bt_control.o(.revsh_text), (4 bytes).
    Removing config.o(.rev16_text), (4 bytes).
    Removing config.o(.revsh_text), (4 bytes).
    Removing config.o(i.WDT_Init), (64 bytes).
    Removing data_process.o(.rev16_text), (4 bytes).
    Removing data_process.o(.revsh_text), (4 bytes).
    Removing flash_prgm.o(.rev16_text), (4 bytes).
    Removing flash_prgm.o(.revsh_text), (4 bytes).
    Removing key_scan.o(.rev16_text), (4 bytes).
    Removing key_scan.o(.revsh_text), (4 bytes).
    Removing led.o(.rev16_text), (4 bytes).
    Removing led.o(.revsh_text), (4 bytes).
    Removing usart.o(.rev16_text), (4 bytes).
    Removing usart.o(.revsh_text), (4 bytes).
    Removing wifibt.o(.rev16_text), (4 bytes).
    Removing wifibt.o(.revsh_text), (4 bytes).
    Removing music.o(.rev16_text), (4 bytes).
    Removing music.o(.revsh_text), (4 bytes).
    Removing music.o(i.FFT_Init), (2 bytes).
    Removing adc.o(.rev16_text), (4 bytes).
    Removing adc.o(.revsh_text), (4 bytes).
    Removing adc.o(i.ADC_Close), (36 bytes).
    Removing adc.o(i.ADC_DisableHWTrigger), (20 bytes).
    Removing adc.o(i.ADC_DisableInt), (68 bytes).
    Removing adc.o(i.ADC_EnableHWTrigger), (84 bytes).
    Removing adc.o(i.ADC_EnableInt), (68 bytes).
    Removing adc.o(i.ADC_SeqModeEnable), (56 bytes).
    Removing adc.o(i.ADC_SeqModeTriggerSrc), (48 bytes).
    Removing adc.o(i.ADC_SetExtraSampleTime), (24 bytes).
    Removing clk.o(.rev16_text), (4 bytes).
    Removing clk.o(.revsh_text), (4 bytes).
    Removing clk.o(i.CLK_DisableCKO), (20 bytes).
    Removing clk.o(i.CLK_DisableModuleClock), (36 bytes).
    Removing clk.o(i.CLK_DisableSysTick), (12 bytes).
    Removing clk.o(i.CLK_DisableXtalRC), (16 bytes).
    Removing clk.o(i.CLK_EnableCKO), (48 bytes).
    Removing clk.o(i.CLK_EnableSysTick), (84 bytes).
    Removing clk.o(i.CLK_GetCPUFreq), (16 bytes).
    Removing clk.o(i.CLK_GetHCLKFreq), (16 bytes).
    Removing clk.o(i.CLK_GetHXTFreq), (28 bytes).
    Removing clk.o(i.CLK_GetLXTFreq), (28 bytes).
    Removing clk.o(i.CLK_Idle), (20 bytes).
    Removing clk.o(i.CLK_PowerDown), (32 bytes).
    Removing clk.o(i.CLK_SetSysTickClockSrc), (20 bytes).
    Removing clk.o(i.CLK_SysTickDelay), (52 bytes).
    Removing fmc.o(.rev16_text), (4 bytes).
    Removing fmc.o(.revsh_text), (4 bytes).
    Removing fmc.o(i.FMC_Close), (20 bytes).
    Removing fmc.o(i.FMC_GetBootSource), (24 bytes).
    Removing fmc.o(i.FMC_GetCRC32Sum), (132 bytes).
    Removing fmc.o(i.FMC_GetVectorPageAddr), (20 bytes).
    Removing fmc.o(i.FMC_ReadCID), (40 bytes).
    Removing fmc.o(i.FMC_ReadConfig), (48 bytes).
    Removing fmc.o(i.FMC_ReadDataFlashBaseAddr), (12 bytes).
    Removing fmc.o(i.FMC_ReadPID), (40 bytes).
    Removing fmc.o(i.FMC_ReadUCID), (44 bytes).
    Removing fmc.o(i.FMC_ReadUID), (40 bytes).
    Removing fmc.o(i.FMC_SetVectorPageAddr), (36 bytes).
    Removing fmc.o(i.FMC_WriteConfig), (84 bytes).
    Removing gpio.o(.rev16_text), (4 bytes).
    Removing gpio.o(.revsh_text), (4 bytes).
    Removing gpio.o(i.GPIO_DisableInt), (28 bytes).
    Removing gpio.o(i.GPIO_EnableInt), (26 bytes).
    Removing timer.o(.rev16_text), (4 bytes).
    Removing timer.o(.revsh_text), (4 bytes).
    Removing timer.o(i.TIMER_Close), (8 bytes).
    Removing timer.o(i.TIMER_Delay), (216 bytes).
    Removing timer.o(i.TIMER_DisableCapture), (10 bytes).
    Removing timer.o(i.TIMER_DisableEventCounter), (12 bytes).
    Removing timer.o(i.TIMER_EnableCapture), (22 bytes).
    Removing timer.o(i.TIMER_EnableEventCounter), (22 bytes).
    Removing uart.o(.rev16_text), (4 bytes).
    Removing uart.o(.revsh_text), (4 bytes).
    Removing uart.o(i.UART_ClearIntFlag), (68 bytes).
    Removing uart.o(i.UART_Close), (6 bytes).
    Removing uart.o(i.UART_DisableFlowCtrl), (12 bytes).
    Removing uart.o(i.UART_DisableInt), (8 bytes).
    Removing uart.o(i.UART_EnableFlowCtrl), (38 bytes).
    Removing uart.o(i.UART_EnableInt), (8 bytes).
    Removing uart.o(i.UART_Read), (54 bytes).
    Removing uart.o(i.UART_SelectIrDAMode), (156 bytes).
    Removing uart.o(i.UART_SelectRS485Mode), (22 bytes).
    Removing uart.o(i.UART_SetLine_Config), (168 bytes).
    Removing uart.o(i.UART_Write), (54 bytes).
    Removing wdt.o(.rev16_text), (4 bytes).
    Removing wdt.o(.revsh_text), (4 bytes).
    Removing wdt.o(i.WDT_Close), (12 bytes).
    Removing wdt.o(i.WDT_DisableInt), (20 bytes).
    Removing wdt.o(i.WDT_EnableInt), (24 bytes).
    Removing wdt.o(i.WDT_Open), (28 bytes).
    Removing retarget.o(.rev16_text), (4 bytes).
    Removing retarget.o(.revsh_text), (4 bytes).
    Removing retarget.o(i.GetChar), (32 bytes).
    Removing retarget.o(i.IsDebugFifoEmpty), (20 bytes).
    Removing retarget.o(i._ttywrch), (12 bytes).
    Removing retarget.o(i.ferror), (8 bytes).
    Removing retarget.o(i.fgetc), (10 bytes).
    Removing retarget.o(i.kbhit), (16 bytes).
    Removing startup_mini58series.o(HEAP), (0 bytes).
    Removing system_mini58series.o(.rev16_text), (4 bytes).
    Removing system_mini58series.o(.revsh_text), (4 bytes).
    Removing system_mini58series.o(i.SystemInit), (2 bytes).
    Removing ddiv.o(.text), (240 bytes).
    Removing ffixui.o(.text), (40 bytes).
    Removing d2f.o(.text), (56 bytes).
    Removing dadd.o(.text), (356 bytes).
    Removing dmul.o(.text), (208 bytes).
    Removing dfixul.o(.text), (64 bytes).
    Removing cdcmple.o(.text), (40 bytes).
    Removing cdrcmple.o(.text), (40 bytes).

111 unused section(s) (total 3748 bytes) removed from the image.

==============================================================================

Image Symbol Table

    Local Symbols

    Symbol Name                              Value     Ov Type        Size  Object(Section)

    RESET                                    0x00000000   Section      192  startup_mini58series.o(RESET)
    ../clib/../cmprslib/lz77c.c              0x00000000   Number         0  __dclz77c.o ABSOLUTE
    ../clib/microlib/division.c              0x00000000   Number         0  uldiv.o ABSOLUTE
    ../clib/microlib/division.c              0x00000000   Number         0  idiv.o ABSOLUTE
    ../clib/microlib/division.c              0x00000000   Number         0  uidiv.o ABSOLUTE
    ../clib/microlib/errno.c                 0x00000000   Number         0  errno.o ABSOLUTE
    ../clib/microlib/init/entry.s            0x00000000   Number         0  entry10b.o ABSOLUTE
    ../clib/microlib/init/entry.s            0x00000000   Number         0  entry7a.o ABSOLUTE
    ../clib/microlib/init/entry.s            0x00000000   Number         0  entry7b.o ABSOLUTE
    ../clib/microlib/init/entry.s            0x00000000   Number         0  entry8a.o ABSOLUTE
    ../clib/microlib/init/entry.s            0x00000000   Number         0  entry9b.o ABSOLUTE
    ../clib/microlib/init/entry.s            0x00000000   Number         0  entry8b.o ABSOLUTE
    ../clib/microlib/init/entry.s            0x00000000   Number         0  entry2.o ABSOLUTE
    ../clib/microlib/init/entry.s            0x00000000   Number         0  entry11a.o ABSOLUTE
    ../clib/microlib/init/entry.s            0x00000000   Number         0  entry9a.o ABSOLUTE
    ../clib/microlib/init/entry.s            0x00000000   Number         0  entry.o ABSOLUTE
    ../clib/microlib/init/entry.s            0x00000000   Number         0  entry10a.o ABSOLUTE
    ../clib/microlib/init/entry.s            0x00000000   Number         0  entry11b.o ABSOLUTE
    ../clib/microlib/init/entry.s            0x00000000   Number         0  entry5.o ABSOLUTE
    ../clib/microlib/longlong.c              0x00000000   Number         0  llushr.o ABSOLUTE
    ../clib/microlib/longlong.c              0x00000000   Number         0  llsshr.o ABSOLUTE
    ../clib/microlib/longlong.c              0x00000000   Number         0  llshl.o ABSOLUTE
    ../clib/microlib/printf/printf.c         0x00000000   Number         0  printf6.o ABSOLUTE
    ../clib/microlib/printf/printf.c         0x00000000   Number         0  printf7.o ABSOLUTE
    ../clib/microlib/printf/printf.c         0x00000000   Number         0  printf8.o ABSOLUTE
    ../clib/microlib/printf/printf.c         0x00000000   Number         0  printfa.o ABSOLUTE
    ../clib/microlib/printf/printf.c         0x00000000   Number         0  printf0.o ABSOLUTE
    ../clib/microlib/printf/printf.c         0x00000000   Number         0  printfb.o ABSOLUTE
    ../clib/microlib/printf/printf.c         0x00000000   Number         0  printf1.o ABSOLUTE
    ../clib/microlib/printf/printf.c         0x00000000   Number         0  printf2.o ABSOLUTE
    ../clib/microlib/printf/printf.c         0x00000000   Number         0  printf3.o ABSOLUTE
    ../clib/microlib/printf/printf.c         0x00000000   Number         0  printf4.o ABSOLUTE
    ../clib/microlib/printf/printf.c         0x00000000   Number         0  printf5.o ABSOLUTE
    ../clib/microlib/printf/stubs.s          0x00000000   Number         0  stubs.o ABSOLUTE
    ../clib/microlib/stdlib/rand.c           0x00000000   Number         0  rand.o ABSOLUTE
    ../clib/microlib/stubs.s                 0x00000000   Number         0  iusefp.o ABSOLUTE
    ../fplib/microlib/d2f.c                  0x00000000   Number         0  d2f.o ABSOLUTE
    ../fplib/microlib/f2d.c                  0x00000000   Number         0  f2d.o ABSOLUTE
    ../fplib/microlib/fpadd.c                0x00000000   Number         0  dadd.o ABSOLUTE
    ../fplib/microlib/fpadd.c                0x00000000   Number         0  fadd.o ABSOLUTE
    ../fplib/microlib/fpdiv.c                0x00000000   Number         0  ddiv.o ABSOLUTE
    ../fplib/microlib/fpepilogue.c           0x00000000   Number         0  depilogue.o ABSOLUTE
    ../fplib/microlib/fpepilogue.c           0x00000000   Number         0  fepilogue.o ABSOLUTE
    ../fplib/microlib/fpfix.c                0x00000000   Number         0  dfixui.o ABSOLUTE
    ../fplib/microlib/fpfix.c                0x00000000   Number         0  dfixul.o ABSOLUTE
    ../fplib/microlib/fpfix.c                0x00000000   Number         0  ffixui.o ABSOLUTE
    ../fplib/microlib/fpflt.c                0x00000000   Number         0  ffltui.o ABSOLUTE
    ../fplib/microlib/fpmul.c                0x00000000   Number         0  fmul.o ABSOLUTE
    ../fplib/microlib/fpmul.c                0x00000000   Number         0  dmul.o ABSOLUTE
    ../fplib/microlib/fpsqrt.c               0x00000000   Number         0  dsqrt.o ABSOLUTE
    ../mathlib/sqrt.c                        0x00000000   Number         0  sqrt_x.o ABSOLUTE
    ../mathlib/sqrt.c                        0x00000000   Number         0  sqrt.o ABSOLUTE
    C:\Keil\ARM\PACK\Nuvoton\NuMicro_DFP\1.1.0\Device\Mini58\Driver\adc.c 0x00000000   Number         0  adc.o ABSOLUTE
    C:\Keil\ARM\PACK\Nuvoton\NuMicro_DFP\1.1.0\Device\Mini58\Driver\clk.c 0x00000000   Number         0  clk.o ABSOLUTE
    C:\Keil\ARM\PACK\Nuvoton\NuMicro_DFP\1.1.0\Device\Mini58\Driver\fmc.c 0x00000000   Number         0  fmc.o ABSOLUTE
    C:\Keil\ARM\PACK\Nuvoton\NuMicro_DFP\1.1.0\Device\Mini58\Driver\gpio.c 0x00000000   Number         0  gpio.o ABSOLUTE
    C:\Keil\ARM\PACK\Nuvoton\NuMicro_DFP\1.1.0\Device\Mini58\Driver\timer.c 0x00000000   Number         0  timer.o ABSOLUTE
    C:\Keil\ARM\PACK\Nuvoton\NuMicro_DFP\1.1.0\Device\Mini58\Driver\uart.c 0x00000000   Number         0  uart.o ABSOLUTE
    C:\Keil\ARM\PACK\Nuvoton\NuMicro_DFP\1.1.0\Device\Mini58\Driver\wdt.c 0x00000000   Number         0  wdt.o ABSOLUTE
    C:\\Keil\\ARM\\PACK\\Nuvoton\\NuMicro_DFP\\1.1.0\\Device\\Mini58\\Driver\\adc.c 0x00000000   Number         0  adc.o ABSOLUTE
    C:\\Keil\\ARM\\PACK\\Nuvoton\\NuMicro_DFP\\1.1.0\\Device\\Mini58\\Driver\\clk.c 0x00000000   Number         0  clk.o ABSOLUTE
    C:\\Keil\\ARM\\PACK\\Nuvoton\\NuMicro_DFP\\1.1.0\\Device\\Mini58\\Driver\\fmc.c 0x00000000   Number         0  fmc.o ABSOLUTE
    C:\\Keil\\ARM\\PACK\\Nuvoton\\NuMicro_DFP\\1.1.0\\Device\\Mini58\\Driver\\gpio.c 0x00000000   Number         0  gpio.o ABSOLUTE
    C:\\Keil\\ARM\\PACK\\Nuvoton\\NuMicro_DFP\\1.1.0\\Device\\Mini58\\Driver\\timer.c 0x00000000   Number         0  timer.o ABSOLUTE
    C:\\Keil\\ARM\\PACK\\Nuvoton\\NuMicro_DFP\\1.1.0\\Device\\Mini58\\Driver\\uart.c 0x00000000   Number         0  uart.o ABSOLUTE
    C:\\Keil\\ARM\\PACK\\Nuvoton\\NuMicro_DFP\\1.1.0\\Device\\Mini58\\Driver\\wdt.c 0x00000000   Number         0  wdt.o ABSOLUTE
    RTE\Device\Mini58FDE\retarget.c          0x00000000   Number         0  retarget.o ABSOLUTE
    RTE\Device\Mini58FDE\startup_Mini58Series.s 0x00000000   Number         0  startup_mini58series.o ABSOLUTE
    RTE\Device\Mini58FDE\system_Mini58Series.c 0x00000000   Number         0  system_mini58series.o ABSOLUTE
    RTE\\Device\\Mini58FDE\\retarget.c       0x00000000   Number         0  retarget.o ABSOLUTE
    RTE\\Device\\Mini58FDE\\system_Mini58Series.c 0x00000000   Number         0  system_mini58series.o ABSOLUTE
    UserAPP\Src\BT_Control.c                 0x00000000   Number         0  bt_control.o ABSOLUTE
    UserAPP\Src\Config.c                     0x00000000   Number         0  config.o ABSOLUTE
    UserAPP\Src\Data_Process.c               0x00000000   Number         0  data_process.o ABSOLUTE
    UserAPP\Src\Flash_Prgm.c                 0x00000000   Number         0  flash_prgm.o ABSOLUTE
    UserAPP\Src\Key_Scan.c                   0x00000000   Number         0  key_scan.o ABSOLUTE
    UserAPP\Src\Led.c                        0x00000000   Number         0  led.o ABSOLUTE
    UserAPP\Src\Music.c                      0x00000000   Number         0  music.o ABSOLUTE
    UserAPP\Src\USART.c                      0x00000000   Number         0  usart.o ABSOLUTE
    UserAPP\Src\WifiBt.c                     0x00000000   Number         0  wifibt.o ABSOLUTE
    UserAPP\\Src\\BT_Control.c               0x00000000   Number         0  bt_control.o ABSOLUTE
    UserAPP\\Src\\Config.c                   0x00000000   Number         0  config.o ABSOLUTE
    UserAPP\\Src\\Data_Process.c             0x00000000   Number         0  data_process.o ABSOLUTE
    UserAPP\\Src\\Flash_Prgm.c               0x00000000   Number         0  flash_prgm.o ABSOLUTE
    UserAPP\\Src\\Key_Scan.c                 0x00000000   Number         0  key_scan.o ABSOLUTE
    UserAPP\\Src\\Led.c                      0x00000000   Number         0  led.o ABSOLUTE
    UserAPP\\Src\\Music.c                    0x00000000   Number         0  music.o ABSOLUTE
    UserAPP\\Src\\USART.c                    0x00000000   Number         0  usart.o ABSOLUTE
    UserAPP\\Src\\WifiBt.c                   0x00000000   Number         0  wifibt.o ABSOLUTE
    cdcmple.s                                0x00000000   Number         0  cdcmple.o ABSOLUTE
    cdrcmple.s                               0x00000000   Number         0  cdrcmple.o ABSOLUTE
    dc.s                                     0x00000000   Number         0  dc.o ABSOLUTE
    handlers.s                               0x00000000   Number         0  handlers.o ABSOLUTE
    init.s                                   0x00000000   Number         0  init.o ABSOLUTE
    .ARM.Collect$$$$00000000                 0x000000c0   Section        0  entry.o(.ARM.Collect$$$$00000000)
    .ARM.Collect$$$$00000001                 0x000000c0   Section        4  entry2.o(.ARM.Collect$$$$00000001)
    .ARM.Collect$$$$00000004                 0x000000c4   Section        4  entry5.o(.ARM.Collect$$$$00000004)
    .ARM.Collect$$$$00000008                 0x000000c8   Section        0  entry7b.o(.ARM.Collect$$$$00000008)
    .ARM.Collect$$$$0000000A                 0x000000c8   Section        0  entry8b.o(.ARM.Collect$$$$0000000A)
    .ARM.Collect$$$$0000000B                 0x000000c8   Section        8  entry9a.o(.ARM.Collect$$$$0000000B)
    .ARM.Collect$$$$0000000D                 0x000000d0   Section        0  entry10a.o(.ARM.Collect$$$$0000000D)
    .ARM.Collect$$$$0000000F                 0x000000d0   Section        0  entry11a.o(.ARM.Collect$$$$0000000F)
    .ARM.Collect$$$$00002712                 0x000000d0   Section        4  entry2.o(.ARM.Collect$$$$00002712)
    __lit__00000000                          0x000000d0   Data           4  entry2.o(.ARM.Collect$$$$00002712)
    .emb_text                                0x000000d4   Section       28  retarget.o(.emb_text)
    .text                                    0x000000f0   Section       20  startup_mini58series.o(.text)
    Default_Handler                          0x000000ff   Thumb Code     2  startup_mini58series.o(.text)
    .text                                    0x00000104   Section        0  uidiv.o(.text)
    .text                                    0x00000130   Section        0  idiv.o(.text)
    .text                                    0x00000158   Section        0  rand.o(.text)
    .text                                    0x0000017c   Section        0  fadd.o(.text)
    .text                                    0x0000022e   Section        0  fmul.o(.text)
    .text                                    0x000002a8   Section        0  ffltui.o(.text)
    .text                                    0x000002b8   Section        0  dfixui.o(.text)
    .text                                    0x000002f4   Section        0  f2d.o(.text)
    .text                                    0x0000031c   Section        0  uldiv.o(.text)
    .text                                    0x0000037c   Section        0  llushr.o(.text)
    .text                                    0x0000039e   Section        0  fepilogue.o(.text)
    .text                                    0x0000039e   Section        0  iusefp.o(.text)
    .text                                    0x00000420   Section        0  depilogue.o(.text)
    .text                                    0x000004de   Section        0  dsqrt.o(.text)
    .text                                    0x00000580   Section       36  init.o(.text)
    .text                                    0x000005a4   Section        0  llshl.o(.text)
    .text                                    0x000005c4   Section        0  __dclz77c.o(.text)
    i.ADC_Init                               0x00000624   Section        0  config.o(i.ADC_Init)
    ADC_Init                                 0x00000625   Thumb Code    42  config.o(i.ADC_Init)
    i.ADC_Open                               0x00000654   Section        0  adc.o(i.ADC_Open)
    i.BT_Power_Control                       0x0000066c   Section        0  bt_control.o(i.BT_Power_Control)
    BT_Power_Control                         0x0000066d   Thumb Code   260  bt_control.o(i.BT_Power_Control)
    i.BT_Work_Detect                         0x00000788   Section        0  bt_control.o(i.BT_Work_Detect)
    i.Byte_Write_To_APROM                    0x0000087c   Section        0  flash_prgm.o(i.Byte_Write_To_APROM)
    i.CLK_DisablePLL                         0x00000904   Section        0  clk.o(i.CLK_DisablePLL)
    i.CLK_EnableModuleClock                  0x00000918   Section        0  clk.o(i.CLK_EnableModuleClock)
    i.CLK_EnablePLL                          0x0000093c   Section        0  clk.o(i.CLK_EnablePLL)
    i.CLK_EnableXtalRC                       0x00000b78   Section        0  clk.o(i.CLK_EnableXtalRC)
    i.CLK_GetPLLClockFreq                    0x00000ba0   Section        0  clk.o(i.CLK_GetPLLClockFreq)
    CLK_GetPLLClockFreq                      0x00000ba1   Thumb Code   112  clk.o(i.CLK_GetPLLClockFreq)
    i.CLK_GetPLLClockFreq                    0x00000c20   Section        0  uart.o(i.CLK_GetPLLClockFreq)
    CLK_GetPLLClockFreq                      0x00000c21   Thumb Code   112  uart.o(i.CLK_GetPLLClockFreq)
    i.CLK_GetPLLClockFreq                    0x00000ca0   Section        0  system_mini58series.o(i.CLK_GetPLLClockFreq)
    CLK_GetPLLClockFreq                      0x00000ca1   Thumb Code   112  system_mini58series.o(i.CLK_GetPLLClockFreq)
    i.CLK_Init                               0x00000d20   Section        0  config.o(i.CLK_Init)
    CLK_Init                                 0x00000d21   Thumb Code   300  config.o(i.CLK_Init)
    i.CLK_SetCoreClock                       0x00000e70   Section        0  clk.o(i.CLK_SetCoreClock)
    i.CLK_SetHCLK                            0x00000f0c   Section        0  clk.o(i.CLK_SetHCLK)
    i.CLK_SetModuleClock                     0x00000f38   Section        0  clk.o(i.CLK_SetModuleClock)
    i.CLK_WaitClockReady                     0x00000f9c   Section        0  clk.o(i.CLK_WaitClockReady)
    i.CSR1010_Process                        0x00000fc4   Section        0  data_process.o(i.CSR1010_Process)
    CSR1010_Process                          0x00000fc5   Thumb Code   136  data_process.o(i.CSR1010_Process)
    i.Csr1010_Rcv_Byte                       0x0000106c   Section        0  usart.o(i.Csr1010_Rcv_Byte)
    Csr1010_Rcv_Byte                         0x0000106d   Thumb Code   146  usart.o(i.Csr1010_Rcv_Byte)
    i.Csr1010_Rcv_Data                       0x0000110c   Section        0  usart.o(i.Csr1010_Rcv_Data)
    i.Csr1010_Snd_Byte                       0x00001180   Section        0  usart.o(i.Csr1010_Snd_Byte)
    Csr1010_Snd_Byte                         0x00001181   Thumb Code     6  usart.o(i.Csr1010_Snd_Byte)
    i.Csr1010_Snd_Data                       0x0000118c   Section        0  usart.o(i.Csr1010_Snd_Data)
    i.Data_Process                           0x00001268   Section        0  data_process.o(i.Data_Process)
    i.FFT                                    0x000012f4   Section        0  music.o(i.FFT)
    i.FMC_Erase                              0x00001450   Section        0  fmc.o(i.FMC_Erase)
    i.FMC_Open                               0x00001494   Section        0  fmc.o(i.FMC_Open)
    i.FMC_Read                               0x000014a8   Section        0  fmc.o(i.FMC_Read)
    i.FMC_Write                              0x000014d0   Section        0  fmc.o(i.FMC_Write)
    i.Flash_Read_Data                        0x000014f4   Section        0  flash_prgm.o(i.Flash_Read_Data)
    i.GPIO_Init                              0x00001560   Section        0  config.o(i.GPIO_Init)
    GPIO_Init                                0x00001561   Thumb Code    46  config.o(i.GPIO_Init)
    i.GPIO_SetMode                           0x00001598   Section        0  gpio.o(i.GPIO_SetMode)
    i.Hard_Fault_Handler                     0x000015c8   Section        0  retarget.o(i.Hard_Fault_Handler)
    __tagsym$$used                           0x000015c9   Number         0  retarget.o(i.Hard_Fault_Handler)
    i.Key_Process                            0x000015f4   Section        0  data_process.o(i.Key_Process)
    Key_Process                              0x000015f5   Thumb Code    24  data_process.o(i.Key_Process)
    i.Key_Scan                               0x00001610   Section        0  key_scan.o(i.Key_Scan)
    i.Led_Control                            0x00001658   Section        0  led.o(i.Led_Control)
    i.Led_Err                                0x0000169c   Section        0  led.o(i.Led_Err)
    Led_Err                                  0x0000169d   Thumb Code     2  led.o(i.Led_Err)
    i.Led_Normal                             0x000016a0   Section        0  led.o(i.Led_Normal)
    Led_Normal                               0x000016a1   Thumb Code   350  led.o(i.Led_Normal)
    i.Led_Off                                0x00001828   Section        0  led.o(i.Led_Off)
    Led_Off                                  0x00001829   Thumb Code    62  led.o(i.Led_Off)
    i.Led_Update                             0x00001874   Section        0  led.o(i.Led_Update)
    i.MCU_Config                             0x00001954   Section        0  config.o(i.MCU_Config)
    i.Max_Value_Get                          0x0000196c   Section        0  music.o(i.Max_Value_Get)
    Max_Value_Get                            0x0000196d   Thumb Code    40  music.o(i.Max_Value_Get)
    i.Music_AD                               0x00001994   Section        0  music.o(i.Music_AD)
    i.Music_Process                          0x00001f34   Section        0  data_process.o(i.Music_Process)
    Music_Process                            0x00001f35   Thumb Code   158  data_process.o(i.Music_Process)
    i.Reverse                                0x00001fe8   Section        0  music.o(i.Reverse)
    i.SYS_UnlockReg                          0x00002040   Section        0  config.o(i.SYS_UnlockReg)
    SYS_UnlockReg                            0x00002041   Thumb Code    26  config.o(i.SYS_UnlockReg)
    i.SYS_UnlockReg                          0x00002060   Section        0  flash_prgm.o(i.SYS_UnlockReg)
    SYS_UnlockReg                            0x00002061   Thumb Code    26  flash_prgm.o(i.SYS_UnlockReg)
    i.SendChar                               0x00002080   Section        0  retarget.o(i.SendChar)
    i.SendChar_ToUART                        0x0000208c   Section        0  retarget.o(i.SendChar_ToUART)
    i.SystemCoreClockUpdate                  0x000020c0   Section        0  system_mini58series.o(i.SystemCoreClockUpdate)
    i.TIMER_GetModuleClock                   0x00002140   Section        0  timer.o(i.TIMER_GetModuleClock)
    i.TIMER_Open                             0x000021ac   Section        0  timer.o(i.TIMER_Open)
    i.TIM_Init                               0x00002214   Section        0  config.o(i.TIM_Init)
    TIM_Init                                 0x00002215   Thumb Code    74  config.o(i.TIM_Init)
    i.TMR1_IRQHandler                        0x00002268   Section        0  music.o(i.TMR1_IRQHandler)
    i.UART0_IRQHandler                       0x000022f0   Section        0  usart.o(i.UART0_IRQHandler)
    i.UART1_IRQHandler                       0x000022f8   Section        0  usart.o(i.UART1_IRQHandler)
    i.UART_Open                              0x00002300   Section        0  uart.o(i.UART_Open)
    i.UART_SetTimeoutCnt                     0x000023a4   Section        0  uart.o(i.UART_SetTimeoutCnt)
    i.USART_Data_Init                        0x000023bc   Section        0  usart.o(i.USART_Data_Init)
    i.USART_Init                             0x00002434   Section        0  config.o(i.USART_Init)
    USART_Init                               0x00002435   Thumb Code    76  config.o(i.USART_Init)
    i.User_Data_Init                         0x00002488   Section        0  data_process.o(i.User_Data_Init)
    i.Wifi_Connected                         0x000024f0   Section        0  led.o(i.Wifi_Connected)
    Wifi_Connected                           0x000024f1   Thumb Code   202  led.o(i.Wifi_Connected)
    i.Wifi_Disconnect                        0x000025e0   Section        0  led.o(i.Wifi_Disconnect)
    Wifi_Disconnect                          0x000025e1   Thumb Code   258  led.o(i.Wifi_Disconnect)
    i.Wifi_Process                           0x00002708   Section        0  data_process.o(i.Wifi_Process)
    Wifi_Process                             0x00002709   Thumb Code   848  data_process.o(i.Wifi_Process)
    i.Wifi_Rcv_Byte                          0x00002a90   Section        0  usart.o(i.Wifi_Rcv_Byte)
    Wifi_Rcv_Byte                            0x00002a91   Thumb Code    78  usart.o(i.Wifi_Rcv_Byte)
    i.Wifi_Rcv_Data                          0x00002af4   Section        0  usart.o(i.Wifi_Rcv_Data)
    i.Wifi_Snd_Byte                          0x00002b60   Section        0  usart.o(i.Wifi_Snd_Byte)
    Wifi_Snd_Byte                            0x00002b61   Thumb Code     6  usart.o(i.Wifi_Snd_Byte)
    i.Wifi_Snd_Data                          0x00002b6c   Section        0  usart.o(i.Wifi_Snd_Data)
    i.Wifi_Standby                           0x00002bd0   Section        0  led.o(i.Wifi_Standby)
    Wifi_Standby                             0x00002bd1   Thumb Code   428  led.o(i.Wifi_Standby)
    i.__0printf$5                            0x00002da0   Section        0  printf5.o(i.__0printf$5)
    i.__ARM_clz                              0x00002dc0   Section        0  depilogue.o(i.__ARM_clz)
    i.__ARM_common_switch8                   0x00002dee   Section        0  led.o(i.__ARM_common_switch8)
    i.__NVIC_EnableIRQ                       0x00002e0c   Section        0  config.o(i.__NVIC_EnableIRQ)
    __NVIC_EnableIRQ                         0x00002e0d   Thumb Code    18  config.o(i.__NVIC_EnableIRQ)
    i.__scatterload_copy                     0x00002e24   Section       14  handlers.o(i.__scatterload_copy)
    i.__scatterload_null                     0x00002e32   Section        2  handlers.o(i.__scatterload_null)
    i.__scatterload_zeroinit                 0x00002e34   Section       14  handlers.o(i.__scatterload_zeroinit)
    i.__set_errno                            0x00002e44   Section        0  errno.o(i.__set_errno)
    i._printf_core                           0x00002e50   Section        0  printf5.o(i._printf_core)
    _printf_core                             0x00002e51   Thumb Code   688  printf5.o(i._printf_core)
    i.add                                    0x0000312c   Section        0  music.o(i.add)
    i.fputc                                  0x00003156   Section        0  retarget.o(i.fputc)
    i.main                                   0x00003168   Section        0  wifibt.o(i.main)
    i.mul                                    0x000031f8   Section        0  music.o(i.mul)
    mul                                      0x000031f9   Thumb Code    78  music.o(i.mul)
    i.sqrt                                   0x00003248   Section        0  sqrt.o(i.sqrt)
    i.stackDump                              0x00003290   Section        0  retarget.o(i.stackDump)
    i.sub                                    0x00003338   Section        0  music.o(i.sub)
    .constdata                               0x00003362   Section       60  led.o(.constdata)
    .data                                    0x20000000   Section       11  bt_control.o(.data)
    PIO11_HighTime                           0x20000003   Data           2  bt_control.o(.data)
    PIO11_LowTime                            0x20000005   Data           2  bt_control.o(.data)
    BtRcvDataTime                            0x20000007   Data           3  bt_control.o(.data)
    BtTime                                   0x2000000a   Data           1  bt_control.o(.data)
    .data                                    0x2000000b   Section        1  config.o(.data)
    .data                                    0x2000000c   Section       13  data_process.o(.data)
    TypeReplyTime                            0x20000016   Data           1  data_process.o(.data)
    BtInitFlag                               0x20000017   Data           1  data_process.o(.data)
    SendTypeCnt                              0x20000018   Data           1  data_process.o(.data)
    .data                                    0x20000019   Section        1  flash_prgm.o(.data)
    .data                                    0x2000001a   Section        3  key_scan.o(.data)
    KeyTime                                  0x2000001b   Data           1  key_scan.o(.data)
    KeyDoneFlag                              0x2000001c   Data           1  key_scan.o(.data)
    .data                                    0x2000001d   Section       10  led.o(.data)
    .data                                    0x20000027   Section        6  usart.o(.data)
    .data                                    0x20000030   Section      608  music.o(.data)
    .data                                    0x20000290   Section        8  retarget.o(.data)
    .data                                    0x20000298   Section       16  system_mini58series.o(.data)
    .data                                    0x200002a8   Section        4  rand.o(.data)
    _rand_state                              0x200002a8   Data           4  rand.o(.data)
    .data                                    0x200002ac   Section        4  errno.o(.data)
    _errno                                   0x200002ac   Data           4  errno.o(.data)
    .bss                                     0x200002b0   Section       30  led.o(.bss)
    .bss                                     0x200002ce   Section      104  usart.o(.bss)
    .bss                                     0x20000338   Section      852  music.o(.bss)
    STACK                                    0x20000690   Section      512  startup_mini58series.o(STACK)

    Global Symbols

    Symbol Name                              Value     Ov Type        Size  Object(Section)

    BuildAttributes$$THM_ISAv3M$S$PE$A:L22$X:L11$S22$IEEE1$IW$USESV6$~STKCKD$USESV7$~SHL$OTIME$ROPI$IEEEJ$EBA8$MICROLIB$REQ8$PRES8$EABIv2 0x00000000   Number         0  anon$$obj.o ABSOLUTE
    __ARM_use_no_argv                        0x00000000   Number         0  wifibt.o ABSOLUTE
    __Vectors                                0x00000000   Data           4  startup_mini58series.o(RESET)
    _printf_a                                0x00000000   Number         0  stubs.o ABSOLUTE
    _printf_c                                0x00000000   Number         0  stubs.o ABSOLUTE
    _printf_charcount                        0x00000000   Number         0  stubs.o ABSOLUTE
    _printf_d                                0x00000000   Number         0  stubs.o ABSOLUTE
    _printf_e                                0x00000000   Number         0  stubs.o ABSOLUTE
    _printf_f                                0x00000000   Number         0  stubs.o ABSOLUTE
    _printf_flags                            0x00000000   Number         0  stubs.o ABSOLUTE
    _printf_fp_dec                           0x00000000   Number         0  stubs.o ABSOLUTE
    _printf_fp_hex                           0x00000000   Number         0  stubs.o ABSOLUTE
    _printf_g                                0x00000000   Number         0  stubs.o ABSOLUTE
    _printf_i                                0x00000000   Number         0  stubs.o ABSOLUTE
    _printf_int_dec                          0x00000000   Number         0  stubs.o ABSOLUTE
    _printf_l                                0x00000000   Number         0  stubs.o ABSOLUTE
    _printf_lc                               0x00000000   Number         0  stubs.o ABSOLUTE
    _printf_ll                               0x00000000   Number         0  stubs.o ABSOLUTE
    _printf_lld                              0x00000000   Number         0  stubs.o ABSOLUTE
    _printf_lli                              0x00000000   Number         0  stubs.o ABSOLUTE
    _printf_llo                              0x00000000   Number         0  stubs.o ABSOLUTE
    _printf_llu                              0x00000000   Number         0  stubs.o ABSOLUTE
    _printf_llx                              0x00000000   Number         0  stubs.o ABSOLUTE
    _printf_longlong_dec                     0x00000000   Number         0  stubs.o ABSOLUTE
    _printf_longlong_hex                     0x00000000   Number         0  stubs.o ABSOLUTE
    _printf_longlong_oct                     0x00000000   Number         0  stubs.o ABSOLUTE
    _printf_ls                               0x00000000   Number         0  stubs.o ABSOLUTE
    _printf_mbtowc                           0x00000000   Number         0  stubs.o ABSOLUTE
    _printf_n                                0x00000000   Number         0  stubs.o ABSOLUTE
    _printf_o                                0x00000000   Number         0  stubs.o ABSOLUTE
    _printf_p                                0x00000000   Number         0  stubs.o ABSOLUTE
    _printf_percent                          0x00000000   Number         0  stubs.o ABSOLUTE
    _printf_pre_padding                      0x00000000   Number         0  stubs.o ABSOLUTE
    _printf_return_value                     0x00000000   Number         0  stubs.o ABSOLUTE
    _printf_s                                0x00000000   Number         0  stubs.o ABSOLUTE
    _printf_sizespec                         0x00000000   Number         0  stubs.o ABSOLUTE
    _printf_str                              0x00000000   Number         0  stubs.o ABSOLUTE
    _printf_truncate_signed                  0x00000000   Number         0  stubs.o ABSOLUTE
    _printf_truncate_unsigned                0x00000000   Number         0  stubs.o ABSOLUTE
    _printf_u                                0x00000000   Number         0  stubs.o ABSOLUTE
    _printf_wc                               0x00000000   Number         0  stubs.o ABSOLUTE
    _printf_wctomb                           0x00000000   Number         0  stubs.o ABSOLUTE
    _printf_widthprec                        0x00000000   Number         0  stubs.o ABSOLUTE
    _printf_x                                0x00000000   Number         0  stubs.o ABSOLUTE
    __cpp_initialize__aeabi_                  - Undefined Weak Reference
    __cxa_finalize                            - Undefined Weak Reference
    _clock_init                               - Undefined Weak Reference
    _microlib_exit                            - Undefined Weak Reference
    __main                                   0x000000c1   Thumb Code     0  entry.o(.ARM.Collect$$$$00000000)
    _main_stk                                0x000000c1   Thumb Code     0  entry2.o(.ARM.Collect$$$$00000001)
    _main_scatterload                        0x000000c5   Thumb Code     0  entry5.o(.ARM.Collect$$$$00000004)
    __main_after_scatterload                 0x000000c9   Thumb Code     0  entry5.o(.ARM.Collect$$$$00000004)
    _main_clock                              0x000000c9   Thumb Code     0  entry7b.o(.ARM.Collect$$$$00000008)
    _main_cpp_init                           0x000000c9   Thumb Code     0  entry8b.o(.ARM.Collect$$$$0000000A)
    _main_init                               0x000000c9   Thumb Code     0  entry9a.o(.ARM.Collect$$$$0000000B)
    __rt_final_cpp                           0x000000d1   Thumb Code     0  entry10a.o(.ARM.Collect$$$$0000000D)
    __rt_final_exit                          0x000000d1   Thumb Code     0  entry11a.o(.ARM.Collect$$$$0000000F)
    HardFault_Handler                        0x000000d5   Thumb Code    24  retarget.o(.emb_text)
    Reset_Handler                            0x000000f1   Thumb Code     4  startup_mini58series.o(.text)
    NMI_Handler                              0x000000f5   Thumb Code     2  startup_mini58series.o(.text)
    SVC_Handler                              0x000000f9   Thumb Code     2  startup_mini58series.o(.text)
    PendSV_Handler                           0x000000fb   Thumb Code     2  startup_mini58series.o(.text)
    SysTick_Handler                          0x000000fd   Thumb Code     2  startup_mini58series.o(.text)
    ACMP_IRQHandler                          0x000000ff   Thumb Code     0  startup_mini58series.o(.text)
    ADC_IRQHandler                           0x000000ff   Thumb Code     0  startup_mini58series.o(.text)
    BOD_IRQHandler                           0x000000ff   Thumb Code     0  startup_mini58series.o(.text)
    EINT0_IRQHandler                         0x000000ff   Thumb Code     0  startup_mini58series.o(.text)
    EINT1_IRQHandler                         0x000000ff   Thumb Code     0  startup_mini58series.o(.text)
    FB_IRQHandler                            0x000000ff   Thumb Code     0  startup_mini58series.o(.text)
    GPIO01_IRQHandler                        0x000000ff   Thumb Code     0  startup_mini58series.o(.text)
    GPIO234_IRQHandler                       0x000000ff   Thumb Code     0  startup_mini58series.o(.text)
    GPIO5_IRQHandler                         0x000000ff   Thumb Code     0  startup_mini58series.o(.text)
    HIRC_IRQHandler                          0x000000ff   Thumb Code     0  startup_mini58series.o(.text)
    I2C0_IRQHandler                          0x000000ff   Thumb Code     0  startup_mini58series.o(.text)
    I2C1_IRQHandler                          0x000000ff   Thumb Code     0  startup_mini58series.o(.text)
    PDWU_IRQHandler                          0x000000ff   Thumb Code     0  startup_mini58series.o(.text)
    PWM_IRQHandler                           0x000000ff   Thumb Code     0  startup_mini58series.o(.text)
    SPI_IRQHandler                           0x000000ff   Thumb Code     0  startup_mini58series.o(.text)
    TMR0_IRQHandler                          0x000000ff   Thumb Code     0  startup_mini58series.o(.text)
    WDT_IRQHandler                           0x000000ff   Thumb Code     0  startup_mini58series.o(.text)
    __aeabi_uidiv                            0x00000105   Thumb Code     0  uidiv.o(.text)
    __aeabi_uidivmod                         0x00000105   Thumb Code    44  uidiv.o(.text)
    __aeabi_idiv                             0x00000131   Thumb Code     0  idiv.o(.text)
    __aeabi_idivmod                          0x00000131   Thumb Code    40  idiv.o(.text)
    rand                                     0x00000159   Thumb Code    18  rand.o(.text)
    srand                                    0x0000016b   Thumb Code     6  rand.o(.text)
    __aeabi_fadd                             0x0000017d   Thumb Code   162  fadd.o(.text)
    __aeabi_fsub                             0x0000021f   Thumb Code     8  fadd.o(.text)
    __aeabi_frsub                            0x00000227   Thumb Code     8  fadd.o(.text)
    __aeabi_fmul                             0x0000022f   Thumb Code   122  fmul.o(.text)
    __aeabi_ui2f                             0x000002a9   Thumb Code    14  ffltui.o(.text)
    __aeabi_d2uiz                            0x000002b9   Thumb Code    50  dfixui.o(.text)
    __aeabi_f2d                              0x000002f5   Thumb Code    40  f2d.o(.text)
    __aeabi_uldivmod                         0x0000031d   Thumb Code    96  uldiv.o(.text)
    __aeabi_llsr                             0x0000037d   Thumb Code    34  llushr.o(.text)
    _ll_ushift_r                             0x0000037d   Thumb Code     0  llushr.o(.text)
    __I$use$fp                               0x0000039f   Thumb Code     0  iusefp.o(.text)
    _float_round                             0x0000039f   Thumb Code    16  fepilogue.o(.text)
    _float_epilogue                          0x000003af   Thumb Code   114  fepilogue.o(.text)
    _double_round                            0x00000421   Thumb Code    26  depilogue.o(.text)
    _double_epilogue                         0x0000043b   Thumb Code   164  depilogue.o(.text)
    _dsqrt                                   0x000004df   Thumb Code   162  dsqrt.o(.text)
    __scatterload                            0x00000581   Thumb Code    28  init.o(.text)
    __scatterload_rt2                        0x00000581   Thumb Code     0  init.o(.text)
    __aeabi_llsl                             0x000005a5   Thumb Code    32  llshl.o(.text)
    _ll_shift_l                              0x000005a5   Thumb Code     0  llshl.o(.text)
    __decompress                             0x000005c5   Thumb Code     0  __dclz77c.o(.text)
    __decompress2                            0x000005c5   Thumb Code    96  __dclz77c.o(.text)
    ADC_Open                                 0x00000655   Thumb Code    18  adc.o(i.ADC_Open)
    BT_Work_Detect                           0x00000789   Thumb Code   220  bt_control.o(i.BT_Work_Detect)
    Byte_Write_To_APROM                      0x0000087d   Thumb Code   106  flash_prgm.o(i.Byte_Write_To_APROM)
    CLK_DisablePLL                           0x00000905   Thumb Code    16  clk.o(i.CLK_DisablePLL)
    CLK_EnableModuleClock                    0x00000919   Thumb Code    32  clk.o(i.CLK_EnableModuleClock)
    CLK_EnablePLL                            0x0000093d   Thumb Code   528  clk.o(i.CLK_EnablePLL)
    CLK_EnableXtalRC                         0x00000b79   Thumb Code    36  clk.o(i.CLK_EnableXtalRC)
    CLK_SetCoreClock                         0x00000e71   Thumb Code   144  clk.o(i.CLK_SetCoreClock)
    CLK_SetHCLK                              0x00000f0d   Thumb Code    38  clk.o(i.CLK_SetHCLK)
    CLK_SetModuleClock                       0x00000f39   Thumb Code    94  clk.o(i.CLK_SetModuleClock)
    CLK_WaitClockReady                       0x00000f9d   Thumb Code    32  clk.o(i.CLK_WaitClockReady)
    Csr1010_Rcv_Data                         0x0000110d   Thumb Code   100  usart.o(i.Csr1010_Rcv_Data)
    Csr1010_Snd_Data                         0x0000118d   Thumb Code   214  usart.o(i.Csr1010_Snd_Data)
    Data_Process                             0x00001269   Thumb Code   118  data_process.o(i.Data_Process)
    FFT                                      0x000012f5   Thumb Code   340  music.o(i.FFT)
    FMC_Erase                                0x00001451   Thumb Code    62  fmc.o(i.FMC_Erase)
    FMC_Open                                 0x00001495   Thumb Code    14  fmc.o(i.FMC_Open)
    FMC_Read                                 0x000014a9   Thumb Code    36  fmc.o(i.FMC_Read)
    FMC_Write                                0x000014d1   Thumb Code    32  fmc.o(i.FMC_Write)
    Flash_Read_Data                          0x000014f5   Thumb Code    84  flash_prgm.o(i.Flash_Read_Data)
    GPIO_SetMode                             0x00001599   Thumb Code    46  gpio.o(i.GPIO_SetMode)
    Hard_Fault_Handler                       0x000015c9   Thumb Code    18  retarget.o(i.Hard_Fault_Handler)
    Key_Scan                                 0x00001611   Thumb Code    56  key_scan.o(i.Key_Scan)
    Led_Control                              0x00001659   Thumb Code    64  led.o(i.Led_Control)
    Led_Update                               0x00001875   Thumb Code   210  led.o(i.Led_Update)
    MCU_Config                               0x00001955   Thumb Code    24  config.o(i.MCU_Config)
    Music_AD                                 0x00001995   Thumb Code  1400  music.o(i.Music_AD)
    Reverse                                  0x00001fe9   Thumb Code    82  music.o(i.Reverse)
    SendChar                                 0x00002081   Thumb Code    12  retarget.o(i.SendChar)
    SendChar_ToUART                          0x0000208d   Thumb Code    48  retarget.o(i.SendChar_ToUART)
    SystemCoreClockUpdate                    0x000020c1   Thumb Code    94  system_mini58series.o(i.SystemCoreClockUpdate)
    TIMER_GetModuleClock                     0x00002141   Thumb Code    84  timer.o(i.TIMER_GetModuleClock)
    TIMER_Open                               0x000021ad   Thumb Code   102  timer.o(i.TIMER_Open)
    TMR1_IRQHandler                          0x00002269   Thumb Code   116  music.o(i.TMR1_IRQHandler)
    UART0_IRQHandler                         0x000022f1   Thumb Code     8  usart.o(i.UART0_IRQHandler)
    UART1_IRQHandler                         0x000022f9   Thumb Code     8  usart.o(i.UART1_IRQHandler)
    UART_Open                                0x00002301   Thumb Code   146  uart.o(i.UART_Open)
    UART_SetTimeoutCnt                       0x000023a5   Thumb Code    22  uart.o(i.UART_SetTimeoutCnt)
    USART_Data_Init                          0x000023bd   Thumb Code   102  usart.o(i.USART_Data_Init)
    User_Data_Init                           0x00002489   Thumb Code    82  data_process.o(i.User_Data_Init)
    Wifi_Rcv_Data                            0x00002af5   Thumb Code    88  usart.o(i.Wifi_Rcv_Data)
    Wifi_Snd_Data                            0x00002b6d   Thumb Code    94  usart.o(i.Wifi_Snd_Data)
    __0printf$5                              0x00002da1   Thumb Code    24  printf5.o(i.__0printf$5)
    __1printf$5                              0x00002da1   Thumb Code     0  printf5.o(i.__0printf$5)
    __2printf                                0x00002da1   Thumb Code     0  printf5.o(i.__0printf$5)
    __ARM_clz                                0x00002dc1   Thumb Code    46  depilogue.o(i.__ARM_clz)
    __ARM_common_switch8                     0x00002def   Thumb Code    28  led.o(i.__ARM_common_switch8)
    __scatterload_copy                       0x00002e25   Thumb Code    14  handlers.o(i.__scatterload_copy)
    __scatterload_null                       0x00002e33   Thumb Code     2  handlers.o(i.__scatterload_null)
    __scatterload_zeroinit                   0x00002e35   Thumb Code    14  handlers.o(i.__scatterload_zeroinit)
    __set_errno                              0x00002e45   Thumb Code     6  errno.o(i.__set_errno)
    add                                      0x0000312d   Thumb Code    42  music.o(i.add)
    fputc                                    0x00003157   Thumb Code    16  retarget.o(i.fputc)
    main                                     0x00003169   Thumb Code   132  wifibt.o(i.main)
    sqrt                                     0x00003249   Thumb Code    66  sqrt.o(i.sqrt)
    stackDump                                0x00003291   Thumb Code    70  retarget.o(i.stackDump)
    sub                                      0x00003339   Thumb Code    42  music.o(i.sub)
    B_FADE                                   0x00003362   Data          30  led.o(.constdata)
    R_FADE                                   0x00003380   Data          30  led.o(.constdata)
    Region$$Table$$Base                      0x000033a0   Number         0  anon$$obj.o(Region$$Table)
    Region$$Table$$Limit                     0x000033c0   Number         0  anon$$obj.o(Region$$Table)
    BtConStatus                              0x20000000   Data           1  bt_control.o(.data)
    BtRcvDataFlag                            0x20000001   Data           1  bt_control.o(.data)
    BtPowerInitFlag                          0x20000002   Data           1  bt_control.o(.data)
    HseStatus                                0x2000000b   Data           1  config.o(.data)
    NormalMode                               0x2000000c   Data           1  data_process.o(.data)
    ShowMode                                 0x2000000d   Data           1  data_process.o(.data)
    NormalColor                              0x2000000e   Data           1  data_process.o(.data)
    ShowColor                                0x2000000f   Data           1  data_process.o(.data)
    ErrNum                                   0x20000010   Data           1  data_process.o(.data)
    FlagChkTime                              0x20000011   Data           1  data_process.o(.data)
    FlagChkFlag                              0x20000012   Data           1  data_process.o(.data)
    FlagByte                                 0x20000013   Data           1  data_process.o(.data)
    RndSeed                                  0x20000014   Data           2  data_process.o(.data)
    FlashSaveFlag                            0x20000019   Data           1  flash_prgm.o(.data)
    KeyStatus                                0x2000001a   Data           1  key_scan.o(.data)
    LedMode                                  0x2000001d   Data           1  led.o(.data)
    LedInit                                  0x2000001e   Data           1  led.o(.data)
    UpdateFlag                               0x2000001f   Data           1  led.o(.data)
    LedStep                                  0x20000020   Data           1  led.o(.data)
    LedTime                                  0x20000021   Data           1  led.o(.data)
    TempR                                    0x20000022   Data           1  led.o(.data)
    TempG                                    0x20000023   Data           1  led.o(.data)
    TempB                                    0x20000024   Data           1  led.o(.data)
    DirectFlag                               0x20000025   Data           1  led.o(.data)
    HorseCnt                                 0x20000026   Data           1  led.o(.data)
    BtRcvFlag                                0x20000027   Data           1  usart.o(.data)
    WifiRcvFlag                              0x20000028   Data           1  usart.o(.data)
    BtRcvByteStatus                          0x20000029   Data           1  usart.o(.data)
    WifiRcvByteStatus                        0x2000002a   Data           1  usart.o(.data)
    WifiRcvHoldTime                          0x2000002b   Data           1  usart.o(.data)
    WifiByteCnt                              0x2000002c   Data           1  usart.o(.data)
    MusicSndFlag                             0x20000030   Data           1  music.o(.data)
    MusicMode                                0x20000031   Data           5  music.o(.data)
    MusicEnFlag                              0x20000036   Data           1  music.o(.data)
    ForbidFlag                               0x20000037   Data           1  music.o(.data)
    RestorCnt                                0x20000038   Data           1  music.o(.data)
    MusicAdCnt                               0x2000003a   Data           2  music.o(.data)
    MusicPre                                 0x2000003c   Data           1  music.o(.data)
    MusicFttFlag                             0x2000003d   Data           1  music.o(.data)
    MaxCrt                                   0x2000003e   Data           2  music.o(.data)
    MaxPos                                   0x20000040   Data           1  music.o(.data)
    DutyVal                                  0x20000042   Data           2  music.o(.data)
    MusicSndTime                             0x20000044   Data           1  music.o(.data)
    MusicUpLevel                             0x20000045   Data           7  music.o(.data)
    FreqDivGain                              0x2000004c   Data           1  music.o(.data)
    Gain                                     0x2000004d   Data           1  music.o(.data)
    MscRndSeed                               0x2000004e   Data           2  music.o(.data)
    WN                                       0x20000050   Data         512  music.o(.data)
    LIST_TAB                                 0x20000250   Data          64  music.o(.data)
    __stdout                                 0x20000290   Data           4  retarget.o(.data)
    __stdin                                  0x20000294   Data           4  retarget.o(.data)
    __HSI                                    0x20000298   Data           4  system_mini58series.o(.data)
    SystemCoreClock                          0x2000029c   Data           4  system_mini58series.o(.data)
    PllClock                                 0x200002a0   Data           4  system_mini58series.o(.data)
    CyclesPerUs                              0x200002a4   Data           4  system_mini58series.o(.data)
    LedData                                  0x200002b0   Data          30  led.o(.bss)
    BtRcvData                                0x200002ce   Data          16  usart.o(.bss)
    WifiRcvData                              0x200002de   Data          16  usart.o(.bss)
    BtSndData                                0x200002ee   Data          16  usart.o(.bss)
    WifiSndData                              0x200002fe   Data          16  usart.o(.bss)
    BtRcvBuffer                              0x2000030e   Data          20  usart.o(.bss)
    WifiRcvBuffer                            0x20000322   Data          20  usart.o(.bss)
    MusicAdBuf                               0x20000338   Data         130  music.o(.bss)
    FFT_Buf                                  0x200003bc   Data         520  music.o(.bss)
    FFT_Result                               0x200005c4   Data         130  music.o(.bss)
    SIN_TAB                                  0x20000648   Data          68  music.o(.bss)
    __initial_sp                             0x20000890   Data           0  startup_mini58series.o(STACK)



==============================================================================

Memory Map of the image

  Image Entry point : 0x000000f1

  Load Region LR_IROM1 (Base: 0x00000000, Size: 0x00003670, Max: 0x00008000, ABSOLUTE, COMPRESSED[0x00003528])

    Execution Region ER_IROM1 (Base: 0x00000000, Size: 0x000033c0, Max: 0x00008000, ABSOLUTE)

    Base Addr    Size         Type   Attr      Idx    E Section Name        Object

    0x00000000   0x000000c0   Data   RO         1238    RESET               startup_mini58series.o
    0x000000c0   0x00000000   Code   RO         1288  * .ARM.Collect$$$$00000000  mc_p.l(entry.o)
    0x000000c0   0x00000004   Code   RO         1575    .ARM.Collect$$$$00000001  mc_p.l(entry2.o)
    0x000000c4   0x00000004   Code   RO         1578    .ARM.Collect$$$$00000004  mc_p.l(entry5.o)
    0x000000c8   0x00000000   Code   RO         1580    .ARM.Collect$$$$00000008  mc_p.l(entry7b.o)
    0x000000c8   0x00000000   Code   RO         1582    .ARM.Collect$$$$0000000A  mc_p.l(entry8b.o)
    0x000000c8   0x00000008   Code   RO         1583    .ARM.Collect$$$$0000000B  mc_p.l(entry9a.o)
    0x000000d0   0x00000000   Code   RO         1585    .ARM.Collect$$$$0000000D  mc_p.l(entry10a.o)
    0x000000d0   0x00000000   Code   RO         1587    .ARM.Collect$$$$0000000F  mc_p.l(entry11a.o)
    0x000000d0   0x00000004   Code   RO         1576    .ARM.Collect$$$$00002712  mc_p.l(entry2.o)
    0x000000d4   0x0000001c   Code   RO         1147    .emb_text           retarget.o
    0x000000f0   0x00000014   Code   RO         1239  * .text               startup_mini58series.o
    0x00000104   0x0000002c   Code   RO         1291    .text               mc_p.l(uidiv.o)
    0x00000130   0x00000028   Code   RO         1293    .text               mc_p.l(idiv.o)
    0x00000158   0x00000024   Code   RO         1295    .text               mc_p.l(rand.o)
    0x0000017c   0x000000b2   Code   RO         1559    .text               mf_p.l(fadd.o)
    0x0000022e   0x0000007a   Code   RO         1561    .text               mf_p.l(fmul.o)
    0x000002a8   0x0000000e   Code   RO         1565    .text               mf_p.l(ffltui.o)
    0x000002b6   0x00000002   PAD
    0x000002b8   0x0000003c   Code   RO         1569    .text               mf_p.l(dfixui.o)
    0x000002f4   0x00000028   Code   RO         1571    .text               mf_p.l(f2d.o)
    0x0000031c   0x00000060   Code   RO         1589    .text               mc_p.l(uldiv.o)
    0x0000037c   0x00000022   Code   RO         1591    .text               mc_p.l(llushr.o)
    0x0000039e   0x00000000   Code   RO         1600    .text               mc_p.l(iusefp.o)
    0x0000039e   0x00000082   Code   RO         1601    .text               mf_p.l(fepilogue.o)
    0x00000420   0x000000be   Code   RO         1603    .text               mf_p.l(depilogue.o)
    0x000004de   0x000000a2   Code   RO         1611    .text               mf_p.l(dsqrt.o)
    0x00000580   0x00000024   Code   RO         1619    .text               mc_p.l(init.o)
    0x000005a4   0x00000020   Code   RO         1621    .text               mc_p.l(llshl.o)
    0x000005c4   0x00000060   Code   RO         1633    .text               mc_p.l(__dclz77c.o)
    0x00000624   0x00000030   Code   RO           90    i.ADC_Init          config.o
    0x00000654   0x00000018   Code   RO          575    i.ADC_Open          adc.o
    0x0000066c   0x0000011c   Code   RO            3    i.BT_Power_Control  bt_control.o
    0x00000788   0x000000f4   Code   RO            4    i.BT_Work_Detect    bt_control.o
    0x0000087c   0x00000088   Code   RO          249    i.Byte_Write_To_APROM  flash_prgm.o
    0x00000904   0x00000014   Code   RO          640    i.CLK_DisablePLL    clk.o
    0x00000918   0x00000024   Code   RO          644    i.CLK_EnableModuleClock  clk.o
    0x0000093c   0x0000023c   Code   RO          645    i.CLK_EnablePLL     clk.o
    0x00000b78   0x00000028   Code   RO          647    i.CLK_EnableXtalRC  clk.o
    0x00000ba0   0x00000080   Code   RO          652    i.CLK_GetPLLClockFreq  clk.o
    0x00000c20   0x00000080   Code   RO         1009    i.CLK_GetPLLClockFreq  uart.o
    0x00000ca0   0x00000080   Code   RO         1245    i.CLK_GetPLLClockFreq  system_mini58series.o
    0x00000d20   0x00000150   Code   RO           91    i.CLK_Init          config.o
    0x00000e70   0x0000009c   Code   RO          655    i.CLK_SetCoreClock  clk.o
    0x00000f0c   0x0000002c   Code   RO          656    i.CLK_SetHCLK       clk.o
    0x00000f38   0x00000064   Code   RO          657    i.CLK_SetModuleClock  clk.o
    0x00000f9c   0x00000028   Code   RO          660    i.CLK_WaitClockReady  clk.o
    0x00000fc4   0x000000a8   Code   RO          162    i.CSR1010_Process   data_process.o
    0x0000106c   0x000000a0   Code   RO          382    i.Csr1010_Rcv_Byte  usart.o
    0x0000110c   0x00000074   Code   RO          383    i.Csr1010_Rcv_Data  usart.o
    0x00001180   0x0000000c   Code   RO          384    i.Csr1010_Snd_Byte  usart.o
    0x0000118c   0x000000dc   Code   RO          385    i.Csr1010_Snd_Data  usart.o
    0x00001268   0x0000008c   Code   RO          163    i.Data_Process      data_process.o
    0x000012f4   0x0000015c   Code   RO          494    i.FFT               music.o
    0x00001450   0x00000044   Code   RO          793    i.FMC_Erase         fmc.o
    0x00001494   0x00000014   Code   RO          797    i.FMC_Open          fmc.o
    0x000014a8   0x00000028   Code   RO          798    i.FMC_Read          fmc.o
    0x000014d0   0x00000024   Code   RO          806    i.FMC_Write         fmc.o
    0x000014f4   0x0000006c   Code   RO          250    i.Flash_Read_Data   flash_prgm.o
    0x00001560   0x00000038   Code   RO           92    i.GPIO_Init         config.o
    0x00001598   0x0000002e   Code   RO          917    i.GPIO_SetMode      gpio.o
    0x000015c6   0x00000002   PAD
    0x000015c8   0x0000002c   Code   RO         1149    i.Hard_Fault_Handler  retarget.o
    0x000015f4   0x0000001c   Code   RO          164    i.Key_Process       data_process.o
    0x00001610   0x00000048   Code   RO          290    i.Key_Scan          key_scan.o
    0x00001658   0x00000044   Code   RO          316    i.Led_Control       led.o
    0x0000169c   0x00000002   Code   RO          317    i.Led_Err           led.o
    0x0000169e   0x00000002   PAD
    0x000016a0   0x00000188   Code   RO          318    i.Led_Normal        led.o
    0x00001828   0x0000004c   Code   RO          319    i.Led_Off           led.o
    0x00001874   0x000000e0   Code   RO          320    i.Led_Update        led.o
    0x00001954   0x00000018   Code   RO           93    i.MCU_Config        config.o
    0x0000196c   0x00000028   Code   RO          496    i.Max_Value_Get     music.o
    0x00001994   0x000005a0   Code   RO          497    i.Music_AD          music.o
    0x00001f34   0x000000b4   Code   RO          165    i.Music_Process     data_process.o
    0x00001fe8   0x00000058   Code   RO          498    i.Reverse           music.o
    0x00002040   0x00000020   Code   RO           94    i.SYS_UnlockReg     config.o
    0x00002060   0x00000020   Code   RO          251    i.SYS_UnlockReg     flash_prgm.o
    0x00002080   0x0000000c   Code   RO         1151    i.SendChar          retarget.o
    0x0000208c   0x00000034   Code   RO         1152    i.SendChar_ToUART   retarget.o
    0x000020c0   0x00000080   Code   RO         1246    i.SystemCoreClockUpdate  system_mini58series.o
    0x00002140   0x0000006c   Code   RO          953    i.TIMER_GetModuleClock  timer.o
    0x000021ac   0x00000066   Code   RO          954    i.TIMER_Open        timer.o
    0x00002212   0x00000002   PAD
    0x00002214   0x00000054   Code   RO           95    i.TIM_Init          config.o
    0x00002268   0x00000088   Code   RO          499    i.TMR1_IRQHandler   music.o
    0x000022f0   0x00000008   Code   RO          386    i.UART0_IRQHandler  usart.o
    0x000022f8   0x00000008   Code   RO          387    i.UART1_IRQHandler  usart.o
    0x00002300   0x000000a4   Code   RO         1016    i.UART_Open         uart.o
    0x000023a4   0x00000016   Code   RO         1021    i.UART_SetTimeoutCnt  uart.o
    0x000023ba   0x00000002   PAD
    0x000023bc   0x00000078   Code   RO          388    i.USART_Data_Init   usart.o
    0x00002434   0x00000054   Code   RO           96    i.USART_Init        config.o
    0x00002488   0x00000068   Code   RO          166    i.User_Data_Init    data_process.o
    0x000024f0   0x000000f0   Code   RO          321    i.Wifi_Connected    led.o
    0x000025e0   0x00000128   Code   RO          322    i.Wifi_Disconnect   led.o
    0x00002708   0x00000388   Code   RO          167    i.Wifi_Process      data_process.o
    0x00002a90   0x00000064   Code   RO          389    i.Wifi_Rcv_Byte     usart.o
    0x00002af4   0x0000006c   Code   RO          390    i.Wifi_Rcv_Data     usart.o
    0x00002b60   0x0000000c   Code   RO          391    i.Wifi_Snd_Byte     usart.o
    0x00002b6c   0x00000064   Code   RO          392    i.Wifi_Snd_Data     usart.o
    0x00002bd0   0x000001d0   Code   RO          323    i.Wifi_Standby      led.o
    0x00002da0   0x00000020   Code   RO         1431    i.__0printf$5       mc_p.l(printf5.o)
    0x00002dc0   0x0000002e   Code   RO         1605    i.__ARM_clz         mf_p.l(depilogue.o)
    0x00002dee   0x0000001c   Code   RO          372    i.__ARM_common_switch8  led.o
    0x00002e0a   0x00000002   PAD
    0x00002e0c   0x00000018   Code   RO           98    i.__NVIC_EnableIRQ  config.o
    0x00002e24   0x0000000e   Code   RO         1627    i.__scatterload_copy  mc_p.l(handlers.o)
    0x00002e32   0x00000002   Code   RO         1628    i.__scatterload_null  mc_p.l(handlers.o)
    0x00002e34   0x0000000e   Code   RO         1629    i.__scatterload_zeroinit  mc_p.l(handlers.o)
    0x00002e42   0x00000002   PAD
    0x00002e44   0x0000000c   Code   RO         1595    i.__set_errno       mc_p.l(errno.o)
    0x00002e50   0x000002dc   Code   RO         1438    i._printf_core      mc_p.l(printf5.o)
    0x0000312c   0x0000002a   Code   RO          500    i.add               music.o
    0x00003156   0x00000010   Code   RO         1156    i.fputc             retarget.o
    0x00003166   0x00000002   PAD
    0x00003168   0x00000090   Code   RO          465    i.main              wifibt.o
    0x000031f8   0x0000004e   Code   RO          501    i.mul               music.o
    0x00003246   0x00000002   PAD
    0x00003248   0x00000048   Code   RO         1281    i.sqrt              m_ps.l(sqrt.o)
    0x00003290   0x000000a8   Code   RO         1158    i.stackDump         retarget.o
    0x00003338   0x0000002a   Code   RO          502    i.sub               music.o
    0x00003362   0x0000003c   Data   RO          325    .constdata          led.o
    0x0000339e   0x00000002   PAD
    0x000033a0   0x00000020   Data   RO         1625    Region$$Table       anon$$obj.o


    Execution Region RW_IRAM1 (Base: 0x20000000, Size: 0x00000890, Max: 0x00001000, ABSOLUTE, COMPRESSED[0x00000168])

    Base Addr    Size         Type   Attr      Idx    E Section Name        Object

    0x20000000   0x0000000b   Data   RW            5    .data               bt_control.o
    0x2000000b   0x00000001   Data   RW           99    .data               config.o
    0x2000000c   0x0000000d   Data   RW          168    .data               data_process.o
    0x20000019   0x00000001   Data   RW          252    .data               flash_prgm.o
    0x2000001a   0x00000003   Data   RW          291    .data               key_scan.o
    0x2000001d   0x0000000a   Data   RW          326    .data               led.o
    0x20000027   0x00000006   Data   RW          394    .data               usart.o
    0x2000002d   0x00000003   PAD
    0x20000030   0x00000260   Data   RW          504    .data               music.o
    0x20000290   0x00000008   Data   RW         1159    .data               retarget.o
    0x20000298   0x00000010   Data   RW         1248    .data               system_mini58series.o
    0x200002a8   0x00000004   Data   RW         1296    .data               mc_p.l(rand.o)
    0x200002ac   0x00000004   Data   RW         1596    .data               mc_p.l(errno.o)
    0x200002b0   0x0000001e   Zero   RW          324    .bss                led.o
    0x200002ce   0x00000068   Zero   RW          393    .bss                usart.o
    0x20000336   0x00000002   PAD
    0x20000338   0x00000354   Zero   RW          503    .bss                music.o
    0x2000068c   0x00000004   PAD
    0x20000690   0x00000200   Zero   RW         1236    STACK               startup_mini58series.o


==============================================================================

Image component sizes


      Code (inc. data)   RO Data    RW Data    ZI Data      Debug   Object Name

        24          6          0          0          0        943   adc.o
       528         48          0         11          0     130429   bt_control.o
      1136        104          0          0          0      12375   clk.o
       688         82          0          1          0      20341   config.o
      1524        158          0         13          0       5680   data_process.o
       276         60          0          1          0       1912   flash_prgm.o
       164         20          0          0          0     125430   fmc.o
        46          0          0          0          0        959   gpio.o
        72         16          0          3          0       1099   key_scan.o
      1790        202         60         10         30       6048   led.o
      2214        138          0        608        852       9950   music.o
       320        132          0          8          0       4828   retarget.o
        20          4        192          0        512        628   startup_mini58series.o
       256         50          0         16          0       1673   system_mini58series.o
       210         24          0          0          0       1768   timer.o
       314         34          0          0          0       2569   uart.o
       964        114          0          6        104       7174   usart.o
       144         12          0          0          0      10115   wifibt.o

    ----------------------------------------------------------------------
     10704       1204        286        680       1504     343921   Object Totals
         0          0         32          0          0          0   (incl. Generated)
        14          0          2          3          6          0   (incl. Padding)

    ----------------------------------------------------------------------

      Code (inc. data)   RO Data    RW Data    ZI Data      Debug   Library Member Name

        72          6          0          0          0         76   sqrt.o
        96          0          0          0          0          0   __dclz77c.o
         0          0          0          0          0          0   entry.o
         0          0          0          0          0          0   entry10a.o
         0          0          0          0          0          0   entry11a.o
         8          4          0          0          0          0   entry2.o
         4          0          0          0          0          0   entry5.o
         0          0          0          0          0          0   entry7b.o
         0          0          0          0          0          0   entry8b.o
         8          4          0          0          0          0   entry9a.o
        12          6          0          4          0         60   errno.o
        30          0          0          0          0          0   handlers.o
        40          0          0          0          0         72   idiv.o
        36          8          0          0          0         68   init.o
         0          0          0          0          0          0   iusefp.o
        32          0          0          0          0         68   llshl.o
        34          0          0          0          0         68   llushr.o
       764         52          0          0          0        168   printf5.o
        36         12          0          4          0        120   rand.o
        44          0          0          0          0         72   uidiv.o
        96          0          0          0          0         84   uldiv.o
       236          0          0          0          0        216   depilogue.o
        60         10          0          0          0         68   dfixui.o
       162          0          0          0          0         80   dsqrt.o
        40          0          0          0          0         60   f2d.o
       178          0          0          0          0        108   fadd.o
       130          0          0          0          0        144   fepilogue.o
        14          0          0          0          0         68   ffltui.o
       122          0          0          0          0         72   fmul.o

    ----------------------------------------------------------------------
      2258        102          0          8          0       1672   Library Totals
         4          0          0          0          0          0   (incl. Padding)

    ----------------------------------------------------------------------

      Code (inc. data)   RO Data    RW Data    ZI Data      Debug   Library Name

        72          6          0          0          0         76   m_ps.l
      1240         86          0          8          0        780   mc_p.l
       942         10          0          0          0        816   mf_p.l

    ----------------------------------------------------------------------
      2258        102          0          8          0       1672   Library Totals

    ----------------------------------------------------------------------

==============================================================================


      Code (inc. data)   RO Data    RW Data    ZI Data      Debug   

     12962       1306        286        688       1504     341717   Grand Totals
     12962       1306        286        360       1504     341717   ELF Image Totals (compressed)
     12962       1306        286        360          0          0   ROM Totals

==============================================================================

    Total RO  Size (Code + RO Data)                13248 (  12.94kB)
    Total RW  Size (RW Data + ZI Data)              2192 (   2.14kB)
    Total ROM Size (Code + RO Data + RW Data)      13608 (  13.29kB)

==============================================================================

